Archive member included to satisfy reference by file (symbol)

/usr/lib/gcc/arm-none-eabi/8.3.0/../../../../arm-none-eabi/lib/thumb/v7e-m/nofp/libm.a(lib_a-s_sin.o)
                              /tmp/ccsIfgmi.ltrans0.ltrans.o (sin)
/usr/lib/gcc/arm-none-eabi/8.3.0/../../../../arm-none-eabi/lib/thumb/v7e-m/nofp/libm.a(lib_a-truncl.o)
                              /tmp/ccsIfgmi.ltrans0.ltrans.o (truncl)
/usr/lib/gcc/arm-none-eabi/8.3.0/../../../../arm-none-eabi/lib/thumb/v7e-m/nofp/libm.a(lib_a-e_rem_pio2.o)
                              /usr/lib/gcc/arm-none-eabi/8.3.0/../../../../arm-none-eabi/lib/thumb/v7e-m/nofp/libm.a(lib_a-s_sin.o) (__ieee754_rem_pio2)
/usr/lib/gcc/arm-none-eabi/8.3.0/../../../../arm-none-eabi/lib/thumb/v7e-m/nofp/libm.a(lib_a-k_cos.o)
                              /usr/lib/gcc/arm-none-eabi/8.3.0/../../../../arm-none-eabi/lib/thumb/v7e-m/nofp/libm.a(lib_a-s_sin.o) (__kernel_cos)
/usr/lib/gcc/arm-none-eabi/8.3.0/../../../../arm-none-eabi/lib/thumb/v7e-m/nofp/libm.a(lib_a-k_rem_pio2.o)
                              /usr/lib/gcc/arm-none-eabi/8.3.0/../../../../arm-none-eabi/lib/thumb/v7e-m/nofp/libm.a(lib_a-e_rem_pio2.o) (__kernel_rem_pio2)
/usr/lib/gcc/arm-none-eabi/8.3.0/../../../../arm-none-eabi/lib/thumb/v7e-m/nofp/libm.a(lib_a-k_sin.o)
                              /usr/lib/gcc/arm-none-eabi/8.3.0/../../../../arm-none-eabi/lib/thumb/v7e-m/nofp/libm.a(lib_a-s_sin.o) (__kernel_sin)
/usr/lib/gcc/arm-none-eabi/8.3.0/../../../../arm-none-eabi/lib/thumb/v7e-m/nofp/libm.a(lib_a-s_fabs.o)
                              /usr/lib/gcc/arm-none-eabi/8.3.0/../../../../arm-none-eabi/lib/thumb/v7e-m/nofp/libm.a(lib_a-e_rem_pio2.o) (fabs)
/usr/lib/gcc/arm-none-eabi/8.3.0/../../../../arm-none-eabi/lib/thumb/v7e-m/nofp/libm.a(lib_a-s_floor.o)
                              /usr/lib/gcc/arm-none-eabi/8.3.0/../../../../arm-none-eabi/lib/thumb/v7e-m/nofp/libm.a(lib_a-k_rem_pio2.o) (floor)
/usr/lib/gcc/arm-none-eabi/8.3.0/../../../../arm-none-eabi/lib/thumb/v7e-m/nofp/libm.a(lib_a-s_scalbn.o)
                              /usr/lib/gcc/arm-none-eabi/8.3.0/../../../../arm-none-eabi/lib/thumb/v7e-m/nofp/libm.a(lib_a-k_rem_pio2.o) (scalbn)
/usr/lib/gcc/arm-none-eabi/8.3.0/../../../../arm-none-eabi/lib/thumb/v7e-m/nofp/libm.a(lib_a-s_trunc.o)
                              /usr/lib/gcc/arm-none-eabi/8.3.0/../../../../arm-none-eabi/lib/thumb/v7e-m/nofp/libm.a(lib_a-truncl.o) (trunc)
/usr/lib/gcc/arm-none-eabi/8.3.0/thumb/v7e-m/nofp/libgcc.a(_arm_addsubdf3.o)
                              /tmp/ccsIfgmi.ltrans0.ltrans.o (__aeabi_dsub)
/usr/lib/gcc/arm-none-eabi/8.3.0/thumb/v7e-m/nofp/libgcc.a(_arm_muldivdf3.o)
                              /tmp/ccsIfgmi.ltrans0.ltrans.o (__aeabi_dmul)
/usr/lib/gcc/arm-none-eabi/8.3.0/thumb/v7e-m/nofp/libgcc.a(_arm_cmpdf2.o)
                              /tmp/ccsIfgmi.ltrans0.ltrans.o (__aeabi_dcmpeq)
/usr/lib/gcc/arm-none-eabi/8.3.0/thumb/v7e-m/nofp/libgcc.a(_arm_fixdfsi.o)
                              /tmp/ccsIfgmi.ltrans0.ltrans.o (__aeabi_d2iz)
/usr/lib/gcc/arm-none-eabi/8.3.0/thumb/v7e-m/nofp/libgcc.a(_arm_truncdfsf2.o)
                              /tmp/ccsIfgmi.ltrans0.ltrans.o (__aeabi_d2f)
/usr/lib/gcc/arm-none-eabi/8.3.0/thumb/v7e-m/nofp/libgcc.a(_arm_cmpsf2.o)
                              /tmp/ccsIfgmi.ltrans0.ltrans.o (__aeabi_fcmplt)
/usr/lib/gcc/arm-none-eabi/8.3.0/thumb/v7e-m/nofp/libgcc.a(_arm_fixsfsi.o)
                              /tmp/ccsIfgmi.ltrans0.ltrans.o (__aeabi_f2iz)
/usr/lib/gcc/arm-none-eabi/8.3.0/../../../../arm-none-eabi/lib/thumb/v7e-m/nofp/libg.a(lib_a-abs.o)
                              /tmp/ccsIfgmi.ltrans0.ltrans.o (abs)

Discarded input sections

 .data          0x0000000000000000        0x0 build/obj/crt0_v7m.o
 .bss           0x0000000000000000        0x0 build/obj/crt0_v7m.o
 .data          0x0000000000000000        0x0 build/obj/chcoreasm_v7m.o
 .bss           0x0000000000000000        0x0 build/obj/chcoreasm_v7m.o
 .comment       0x0000000000000000      0x744 /tmp/ccDKhpKsdebugobj
 .text          0x0000000000000000        0x0 /tmp/ccsIfgmi.ltrans0.ltrans.o
 .data          0x0000000000000000        0x0 /tmp/ccsIfgmi.ltrans0.ltrans.o
 .bss           0x0000000000000000        0x0 /tmp/ccsIfgmi.ltrans0.ltrans.o
 .bss.rotations_per_sec
                0x0000000000000000        0x6 /tmp/ccsIfgmi.ltrans0.ltrans.o
 .text          0x0000000000000000        0x0 /usr/lib/gcc/arm-none-eabi/8.3.0/../../../../arm-none-eabi/lib/thumb/v7e-m/nofp/libm.a(lib_a-s_sin.o)
 .data          0x0000000000000000        0x0 /usr/lib/gcc/arm-none-eabi/8.3.0/../../../../arm-none-eabi/lib/thumb/v7e-m/nofp/libm.a(lib_a-s_sin.o)
 .bss           0x0000000000000000        0x0 /usr/lib/gcc/arm-none-eabi/8.3.0/../../../../arm-none-eabi/lib/thumb/v7e-m/nofp/libm.a(lib_a-s_sin.o)
 .text          0x0000000000000000        0x0 /usr/lib/gcc/arm-none-eabi/8.3.0/../../../../arm-none-eabi/lib/thumb/v7e-m/nofp/libm.a(lib_a-truncl.o)
[...]
Memory Configuration

Name             Origin             Length             Attributes
flash            0x0000000008000000 0x0000000000080000
ram0             0x0000000020000000 0x0000000000020000
ram1             0x0000000000000000 0x0000000000000000
ram2             0x0000000000000000 0x0000000000000000
ram3             0x0000000000000000 0x0000000000000000
ram4             0x0000000000000000 0x0000000000000000
ram5             0x0000000000000000 0x0000000000000000
ram6             0x0000000000000000 0x0000000000000000
ram7             0x0000000000000000 0x0000000000000000
*default*        0x0000000000000000 0xffffffffffffffff

Linker script and memory map

LOAD build/obj/crt0_v7m.o
LOAD build/obj/chcoreasm_v7m.o
LOAD /tmp/ccDKhpKsdebugobj
LOAD /tmp/ccsIfgmi.ltrans0.ltrans.o
                0x0000000020000000                __ram0_start__ = ORIGIN (ram0)
                0x0000000000020000                __ram0_size__ = LENGTH (ram0)
                0x0000000020020000                __ram0_end__ = (__ram0_start__ + __ram0_size__)
                0x0000000000000000                __ram1_start__ = ORIGIN (ram1)
                0x0000000000000000                __ram1_size__ = LENGTH (ram1)
                0x0000000000000000                __ram1_end__ = (__ram1_start__ + __ram1_size__)
                0x0000000000000000                __ram2_start__ = ORIGIN (ram2)
                0x0000000000000000                __ram2_size__ = LENGTH (ram2)
                0x0000000000000000                __ram2_end__ = (__ram2_start__ + __ram2_size__)
                0x0000000000000000                __ram3_start__ = ORIGIN (ram3)
                0x0000000000000000                __ram3_size__ = LENGTH (ram3)
                0x0000000000000000                __ram3_end__ = (__ram3_start__ + __ram3_size__)
                0x0000000000000000                __ram4_start__ = ORIGIN (ram4)
                0x0000000000000000                __ram4_size__ = LENGTH (ram4)
                0x0000000000000000                __ram4_end__ = (__ram4_start__ + __ram4_size__)
                0x0000000000000000                __ram5_start__ = ORIGIN (ram5)
                0x0000000000000000                __ram5_size__ = LENGTH (ram5)
                0x0000000000000000                __ram5_end__ = (__ram5_start__ + __ram5_size__)
                0x0000000000000000                __ram6_start__ = ORIGIN (ram6)
                0x0000000000000000                __ram6_size__ = LENGTH (ram6)
                0x0000000000000000                __ram6_end__ = (__ram6_start__ + __ram6_size__)
                0x0000000000000000                __ram7_start__ = ORIGIN (ram7)
                0x0000000000000000                __ram7_size__ = LENGTH (ram7)
                0x0000000000000000                __ram7_end__ = (__ram7_start__ + __ram7_size__)
                0x0000000000000000                . = 0x0
                0x0000000000000000                _text = .

startup         0x0000000008000000      0x1c0
 *(.vectors)
 .vectors       0x0000000008000000      0x1c0 /tmp/ccsIfgmi.ltrans0.ltrans.o
                0x0000000008000000                _vectors

constructors    0x00000000080001c0        0x0
                0x00000000080001c0                __init_array_start = .
 *(SORT_BY_NAME(.init_array.*))
 *(.init_array)
                0x00000000080001c0                __init_array_end = .

destructors     0x00000000080001c0        0x0
                0x00000000080001c0                __fini_array_start = .
 *(.fini_array)
 *(SORT_BY_NAME(.fini_array.*))
                0x00000000080001c0                __fini_array_end = .

.text           0x00000000080001c0     0x4b30
 *(.text)
 .text          0x00000000080001c0       0xc4 build/obj/crt0_v7m.o
                0x00000000080001c0                Reset_Handler
 *fill*         0x0000000008000284        0xc 
 .text          0x0000000008000290       0x28 build/obj/chcoreasm_v7m.o
                0x0000000008000290                _port_switch
                0x00000000080002a0                _port_thread_start
                0x00000000080002b0                _port_switch_from_isr
                0x00000000080002b4                _port_exit_from_isr
 *fill*         0x00000000080002b8        0x8 
 .text          0x00000000080002c0      0x378 /usr/lib/gcc/arm-none-eabi/8.3.0/thumb/v7e-m/nofp/libgcc.a(_arm_addsubdf3.o)
                0x00000000080002c0                __aeabi_drsub
                0x00000000080002c8                __aeabi_dsub
                0x00000000080002c8                __subdf3
                0x00000000080002cc                __adddf3
                0x00000000080002cc                __aeabi_dadd
                0x0000000008000544                __aeabi_ui2d
                0x0000000008000544                __floatunsidf
                0x0000000008000564                __floatsidf
                0x0000000008000564                __aeabi_i2d
                0x0000000008000588                __extendsfdf2
                0x0000000008000588                __aeabi_f2d
                0x00000000080005cc                __aeabi_ul2d
                0x00000000080005cc                __floatundidf
                0x00000000080005dc                __floatdidf
                0x00000000080005dc                __aeabi_l2d
 *fill*         0x0000000008000638        0x8 
 .text          0x0000000008000640      0x424 /usr/lib/gcc/arm-none-eabi/8.3.0/thumb/v7e-m/nofp/libgcc.a(_arm_muldivdf3.o)
                0x0000000008000640                __aeabi_dmul
                0x0000000008000640                __muldf3
                0x0000000008000894                __aeabi_ddiv
                0x0000000008000894                __divdf3
 *fill*         0x0000000008000a64        0xc 
 .text          0x0000000008000a70      0x110 /usr/lib/gcc/arm-none-eabi/8.3.0/thumb/v7e-m/nofp/libgcc.a(_arm_cmpdf2.o)
                0x0000000008000a70                __gtdf2
                0x0000000008000a70                __gedf2
                0x0000000008000a78                __ltdf2
                0x0000000008000a78                __ledf2
                0x0000000008000a80                __cmpdf2
                0x0000000008000a80                __eqdf2
                0x0000000008000a80                __nedf2
                0x0000000008000afc                __aeabi_cdrcmple
                0x0000000008000b0c                __aeabi_cdcmple
                0x0000000008000b0c                __aeabi_cdcmpeq
                0x0000000008000b1c                __aeabi_dcmpeq
                0x0000000008000b30                __aeabi_dcmplt
                0x0000000008000b44                __aeabi_dcmple
                0x0000000008000b58                __aeabi_dcmpge
                0x0000000008000b6c                __aeabi_dcmpgt
 .text          0x0000000008000b80       0x50 /usr/lib/gcc/arm-none-eabi/8.3.0/thumb/v7e-m/nofp/libgcc.a(_arm_fixdfsi.o)
                0x0000000008000b80                __fixdfsi
                0x0000000008000b80                __aeabi_d2iz
 .text          0x0000000008000bd0       0xa0 /usr/lib/gcc/arm-none-eabi/8.3.0/thumb/v7e-m/nofp/libgcc.a(_arm_truncdfsf2.o)
                0x0000000008000bd0                __aeabi_d2f
                0x0000000008000bd0                __truncdfsf2
 .text          0x0000000008000c70       0xec /usr/lib/gcc/arm-none-eabi/8.3.0/thumb/v7e-m/nofp/libgcc.a(_arm_cmpsf2.o)
                0x0000000008000c70                __gtsf2
                0x0000000008000c70                __gesf2
                0x0000000008000c78                __lesf2
                0x0000000008000c78                __ltsf2
                0x0000000008000c80                __nesf2
                0x0000000008000c80                __eqsf2
                0x0000000008000c80                __cmpsf2
                0x0000000008000ce0                __aeabi_cfrcmple
                0x0000000008000ce8                __aeabi_cfcmple
                0x0000000008000ce8                __aeabi_cfcmpeq
                0x0000000008000cf8                __aeabi_fcmpeq
                0x0000000008000d0c                __aeabi_fcmplt
                0x0000000008000d20                __aeabi_fcmple
                0x0000000008000d34                __aeabi_fcmpge
                0x0000000008000d48                __aeabi_fcmpgt
 *fill*         0x0000000008000d5c        0x4 
 .text          0x0000000008000d60       0x4c /usr/lib/gcc/arm-none-eabi/8.3.0/thumb/v7e-m/nofp/libgcc.a(_arm_fixsfsi.o)
                0x0000000008000d60                __fixsfsi
                0x0000000008000d60                __aeabi_f2iz
 *(.text.*)
 *fill*         0x0000000008000dac        0x4 
 .text.chTMStartMeasurementX.constprop.34
                0x0000000008000db0        0xc /tmp/ccsIfgmi.ltrans0.ltrans.o
 *fill*         0x0000000008000dbc        0x4 
 .text.notify1  0x0000000008000dc0       0x10 /tmp/ccsIfgmi.ltrans0.ltrans.o
 .text.sdObjectInit.constprop.25
                0x0000000008000dd0       0x60 /tmp/ccsIfgmi.ltrans0.ltrans.o
 .text.adc_lld_start_conversion.constprop.16
                0x0000000008000e30       0x8c /tmp/ccsIfgmi.ltrans0.ltrans.o
 *fill*         0x0000000008000ebc        0x4 
 .text.encoder_pulse_captured
                0x0000000008000ec0        0x4 /tmp/ccsIfgmi.ltrans0.ltrans.o
 *fill*         0x0000000008000ec4        0xc 
 .text._idle_thread
                0x0000000008000ed0        0x4 /tmp/ccsIfgmi.ltrans0.ltrans.o
 *fill*         0x0000000008000ed4        0xc 
 .text.chCoreAlloc
                0x0000000008000ee0       0x34 /tmp/ccsIfgmi.ltrans0.ltrans.o
 *fill*         0x0000000008000f14        0xc 
 .text.icu_lld_serve_interrupt
                0x0000000008000f20       0x90 /tmp/ccsIfgmi.ltrans0.ltrans.o
 .text.icu_lld_enable_notifications
                0x0000000008000fb0       0x3c /tmp/ccsIfgmi.ltrans0.ltrans.o
 *fill*         0x0000000008000fec        0x4 
 .text.icu_lld_start
                0x0000000008000ff0      0x134 /tmp/ccsIfgmi.ltrans0.ltrans.o
 *fill*         0x0000000008001124        0xc 
 .text.icu_lld_init
                0x0000000008001130       0x3c /tmp/ccsIfgmi.ltrans0.ltrans.o
 *fill*         0x000000000800116c        0x4 
 .text._pal_lld_setgroupmode
                0x0000000008001170       0xb0 /tmp/ccsIfgmi.ltrans0.ltrans.o
 .text.icuStartCapture
                0x0000000008001220       0x28 /tmp/ccsIfgmi.ltrans0.ltrans.o
 *fill*         0x0000000008001248        0x8 
 .text._port_irq_epilogue
                0x0000000008001250       0x5c /tmp/ccsIfgmi.ltrans0.ltrans.o
 *fill*         0x00000000080012ac        0x4 
 .text.VectorA4
                0x00000000080012b0       0x64 /tmp/ccsIfgmi.ltrans0.ltrans.o
 *fill*         0x0000000008001314        0xc 
 .text.VectorAC
                0x0000000008001320        0x4 /tmp/ccsIfgmi.ltrans0.ltrans.o
 *fill*         0x0000000008001324        0xc 
 .text.Vector108
                0x0000000008001330       0x14 /tmp/ccsIfgmi.ltrans0.ltrans.o
 *fill*         0x0000000008001344        0xc 
 .text.VectorB4
                0x0000000008001350       0x14 /tmp/ccsIfgmi.ltrans0.ltrans.o
 *fill*         0x0000000008001364        0xc 
 .text.VectorB0
                0x0000000008001370       0x14 /tmp/ccsIfgmi.ltrans0.ltrans.o
 *fill*         0x0000000008001384        0xc 
 .text.VectorB8
                0x0000000008001390       0xa4 /tmp/ccsIfgmi.ltrans0.ltrans.o
 *fill*         0x0000000008001434        0xc 
 .text.Vector158
                0x0000000008001440       0x2c /tmp/ccsIfgmi.ltrans0.ltrans.o
 *fill*         0x000000000800146c        0x4 
 .text.Vector154
                0x0000000008001470       0x2c /tmp/ccsIfgmi.ltrans0.ltrans.o
 *fill*         0x000000000800149c        0x4 
 .text.Vector150
                0x00000000080014a0       0x2c /tmp/ccsIfgmi.ltrans0.ltrans.o
 *fill*         0x00000000080014cc        0x4 
 .text.Vector130
                0x00000000080014d0       0x28 /tmp/ccsIfgmi.ltrans0.ltrans.o
 *fill*         0x00000000080014f8        0x8 
 .text.Vector12C
                0x0000000008001500       0x2c /tmp/ccsIfgmi.ltrans0.ltrans.o
 *fill*         0x000000000800152c        0x4 
 .text.Vector128
                0x0000000008001530       0x2c /tmp/ccsIfgmi.ltrans0.ltrans.o
 *fill*         0x000000000800155c        0x4 
 .text.Vector124
                0x0000000008001560       0x2c /tmp/ccsIfgmi.ltrans0.ltrans.o
 *fill*         0x000000000800158c        0x4 
 .text.Vector120
                0x0000000008001590       0x28 /tmp/ccsIfgmi.ltrans0.ltrans.o
 *fill*         0x00000000080015b8        0x8 
 .text.VectorFC
                0x00000000080015c0       0x2c /tmp/ccsIfgmi.ltrans0.ltrans.o
 *fill*         0x00000000080015ec        0x4 
 .text.Vector84
                0x00000000080015f0       0x2c /tmp/ccsIfgmi.ltrans0.ltrans.o
 *fill*         0x000000000800161c        0x4 
 .text.Vector80
                0x0000000008001620       0x2c /tmp/ccsIfgmi.ltrans0.ltrans.o
 *fill*         0x000000000800164c        0x4 
 .text.Vector7C
                0x0000000008001650       0x28 /tmp/ccsIfgmi.ltrans0.ltrans.o
 *fill*         0x0000000008001678        0x8 
 .text.Vector78
                0x0000000008001680       0x2c /tmp/ccsIfgmi.ltrans0.ltrans.o
 *fill*         0x00000000080016ac        0x4 
 .text.Vector74
                0x00000000080016b0       0x2c /tmp/ccsIfgmi.ltrans0.ltrans.o
 *fill*         0x00000000080016dc        0x4 
 .text.Vector70
                0x00000000080016e0       0x2c /tmp/ccsIfgmi.ltrans0.ltrans.o
 *fill*         0x000000000800170c        0x4 
 .text.Vector6C
                0x0000000008001710       0x28 /tmp/ccsIfgmi.ltrans0.ltrans.o
 *fill*         0x0000000008001738        0x8 
 .text.SVC_Handler
                0x0000000008001740       0x1c /tmp/ccsIfgmi.ltrans0.ltrans.o
 *fill*         0x000000000800175c        0x4 
 .text.chTMStopMeasurementX
                0x0000000008001760       0x48 /tmp/ccsIfgmi.ltrans0.ltrans.o
 *fill*         0x00000000080017a8        0x8 
 .text.wakeup   0x00000000080017b0       0x68 /tmp/ccsIfgmi.ltrans0.ltrans.o
 *fill*         0x0000000008001818        0x8 
 .text.chSchReadyI
                0x0000000008001820       0x28 /tmp/ccsIfgmi.ltrans0.ltrans.o
 *fill*         0x0000000008001848        0x8 
 .text.chEvtBroadcastFlagsI.constprop.31
                0x0000000008001850       0x5c /tmp/ccsIfgmi.ltrans0.ltrans.o
 *fill*         0x00000000080018ac        0x4 
 .text.VectorD4
                0x00000000080018b0      0x1b0 /tmp/ccsIfgmi.ltrans0.ltrans.o
 .text.Vector88
                0x0000000008001a60       0x94 /tmp/ccsIfgmi.ltrans0.ltrans.o
 *fill*         0x0000000008001af4        0xc 
 .text.adc_lld_serve_rx_interrupt
                0x0000000008001b00      0x12c /tmp/ccsIfgmi.ltrans0.ltrans.o
 *fill*         0x0000000008001c2c        0x4 
 .text._unhandled_exception
                0x0000000008001c30        0x4 /tmp/ccsIfgmi.ltrans0.ltrans.o
 *fill*         0x0000000008001c34        0xc 
 .text.chSchWakeupS.constprop.37
                0x0000000008001c40       0x54 /tmp/ccsIfgmi.ltrans0.ltrans.o
 *fill*         0x0000000008001c94        0xc 
 .text.chThdCreateStatic.constprop.36
                0x0000000008001ca0       0x5c /tmp/ccsIfgmi.ltrans0.ltrans.o
 *fill*         0x0000000008001cfc        0x4 
 .text.chSchGoSleepS
                0x0000000008001d00       0x24 /tmp/ccsIfgmi.ltrans0.ltrans.o
 *fill*         0x0000000008001d24        0xc 
 .text.chSchGoSleepTimeoutS
                0x0000000008001d30      0x144 /tmp/ccsIfgmi.ltrans0.ltrans.o
 *fill*         0x0000000008001e74        0xc 
 .text.chThdEnqueueTimeoutS
                0x0000000008001e80       0x28 /tmp/ccsIfgmi.ltrans0.ltrans.o
 *fill*         0x0000000008001ea8        0x8 
 .text.chOQWriteTimeout
                0x0000000008001eb0       0x84 /tmp/ccsIfgmi.ltrans0.ltrans.o
 *fill*         0x0000000008001f34        0xc 
 .text.writet   0x0000000008001f40        0x8 /tmp/ccsIfgmi.ltrans0.ltrans.o
 *fill*         0x0000000008001f48        0x8 
 .text.write    0x0000000008001f50        0xc /tmp/ccsIfgmi.ltrans0.ltrans.o
 *fill*         0x0000000008001f5c        0x4 
 .text.chOQPutTimeout
                0x0000000008001f60       0x50 /tmp/ccsIfgmi.ltrans0.ltrans.o
 .text.putt     0x0000000008001fb0        0x8 /tmp/ccsIfgmi.ltrans0.ltrans.o
 *fill*         0x0000000008001fb8        0x8 
 .text.put      0x0000000008001fc0        0xc /tmp/ccsIfgmi.ltrans0.ltrans.o
 *fill*         0x0000000008001fcc        0x4 
 .text.chIQReadTimeout
                0x0000000008001fd0       0x78 /tmp/ccsIfgmi.ltrans0.ltrans.o
 *fill*         0x0000000008002048        0x8 
 .text.readt    0x0000000008002050        0x8 /tmp/ccsIfgmi.ltrans0.ltrans.o
 *fill*         0x0000000008002058        0x8 
 .text.read     0x0000000008002060        0xc /tmp/ccsIfgmi.ltrans0.ltrans.o
 *fill*         0x000000000800206c        0x4 
 .text.chIQGetTimeout
                0x0000000008002070       0x50 /tmp/ccsIfgmi.ltrans0.ltrans.o
 .text.SensorThread
                0x00000000080020c0      0x13c /tmp/ccsIfgmi.ltrans0.ltrans.o
 *fill*         0x00000000080021fc        0x4 
 .text.gett     0x0000000008002200        0x8 /tmp/ccsIfgmi.ltrans0.ltrans.o
 *fill*         0x0000000008002208        0x8 
 .text.get      0x0000000008002210        0xc /tmp/ccsIfgmi.ltrans0.ltrans.o
 *fill*         0x000000000800221c        0x4 
 .text.chprintf.constprop.1
                0x0000000008002220      0x5a4 /tmp/ccsIfgmi.ltrans0.ltrans.o
 *fill*         0x00000000080027c4        0xc 
 .text.MoveThread
                0x00000000080027d0      0x264 /tmp/ccsIfgmi.ltrans0.ltrans.o
 *fill*         0x0000000008002a34        0xc 
 .text.startup.main
                0x0000000008002a40      0x87c /tmp/ccsIfgmi.ltrans0.ltrans.o
                0x0000000008002a40                main
 *fill*         0x00000000080032bc        0x4 
 .text.__early_init
                0x00000000080032c0       0xb4 /tmp/ccsIfgmi.ltrans0.ltrans.o
                0x00000000080032c0                __early_init
 *fill*         0x0000000008003374        0xc 
 .text.chThdExit
                0x0000000008003380       0x44 /tmp/ccsIfgmi.ltrans0.ltrans.o
                0x0000000008003380                chThdExit
 *fill*         0x00000000080033c4        0xc 
 .text.chSchDoReschedule
                0x00000000080033d0       0x3c /tmp/ccsIfgmi.ltrans0.ltrans.o
                0x00000000080033d0                chSchDoReschedule
 *fill*         0x000000000800340c        0x4 
 .text.__init_ram_areas
                0x0000000008003410       0x68 /tmp/ccsIfgmi.ltrans0.ltrans.o
                0x0000000008003410                __init_ram_areas
 *fill*         0x0000000008003478        0x8 
 .text.__default_exit
                0x0000000008003480        0x4 /tmp/ccsIfgmi.ltrans0.ltrans.o
                0x0000000008003480                __default_exit
 *fill*         0x0000000008003484        0xc 
 .text.__late_init
                0x0000000008003490        0x4 /tmp/ccsIfgmi.ltrans0.ltrans.o
                0x0000000008003490                __late_init
 *fill*         0x0000000008003494        0xc 
 .text.__core_init
                0x00000000080034a0        0x4 /tmp/ccsIfgmi.ltrans0.ltrans.o
                0x00000000080034a0                __core_init
 *fill*         0x00000000080034a4        0xc 
 .text.sin      0x00000000080034b0       0x94 /usr/lib/gcc/arm-none-eabi/8.3.0/../../../../arm-none-eabi/lib/thumb/v7e-m/nofp/libm.a(lib_a-s_sin.o)
                0x00000000080034b0                sin
 *fill*         0x0000000008003544        0xc 
 .text.truncl   0x0000000008003550        0x4 /usr/lib/gcc/arm-none-eabi/8.3.0/../../../../arm-none-eabi/lib/thumb/v7e-m/nofp/libm.a(lib_a-truncl.o)
                0x0000000008003550                truncl
 *fill*         0x0000000008003554        0xc 
 .text.__ieee754_rem_pio2
                0x0000000008003560      0x434 /usr/lib/gcc/arm-none-eabi/8.3.0/../../../../arm-none-eabi/lib/thumb/v7e-m/nofp/libm.a(lib_a-e_rem_pio2.o)
                0x0000000008003560                __ieee754_rem_pio2
 *fill*         0x0000000008003994        0xc 
 .text.__kernel_cos
                0x00000000080039a0      0x248 /usr/lib/gcc/arm-none-eabi/8.3.0/../../../../arm-none-eabi/lib/thumb/v7e-m/nofp/libm.a(lib_a-k_cos.o)
                0x00000000080039a0                __kernel_cos
 *fill*         0x0000000008003be8        0x8 
 .text.__kernel_rem_pio2
                0x0000000008003bf0      0x838 /usr/lib/gcc/arm-none-eabi/8.3.0/../../../../arm-none-eabi/lib/thumb/v7e-m/nofp/libm.a(lib_a-k_rem_pio2.o)
                0x0000000008003bf0                __kernel_rem_pio2
 *fill*         0x0000000008004428        0x8 
 .text.__kernel_sin
                0x0000000008004430      0x16c /usr/lib/gcc/arm-none-eabi/8.3.0/../../../../arm-none-eabi/lib/thumb/v7e-m/nofp/libm.a(lib_a-k_sin.o)
                0x0000000008004430                __kernel_sin
 *fill*         0x000000000800459c        0x4 
 .text.fabs     0x00000000080045a0        0x8 /usr/lib/gcc/arm-none-eabi/8.3.0/../../../../arm-none-eabi/lib/thumb/v7e-m/nofp/libm.a(lib_a-s_fabs.o)
                0x00000000080045a0                fabs
 *fill*         0x00000000080045a8        0x8 
 .text.floor    0x00000000080045b0      0x108 /usr/lib/gcc/arm-none-eabi/8.3.0/../../../../arm-none-eabi/lib/thumb/v7e-m/nofp/libm.a(lib_a-s_floor.o)
                0x00000000080045b0                floor
 *fill*         0x00000000080046b8        0x8 
 .text.scalbn   0x00000000080046c0       0xf4 /usr/lib/gcc/arm-none-eabi/8.3.0/../../../../arm-none-eabi/lib/thumb/v7e-m/nofp/libm.a(lib_a-s_scalbn.o)
                0x00000000080046c0                scalbn
 *fill*         0x00000000080047b4        0xc 
 .text.trunc    0x00000000080047c0       0x74 /usr/lib/gcc/arm-none-eabi/8.3.0/../../../../arm-none-eabi/lib/thumb/v7e-m/nofp/libm.a(lib_a-s_trunc.o)
                0x00000000080047c0                trunc
 *fill*         0x0000000008004834        0xc 
 .text.abs      0x0000000008004840        0x8 /usr/lib/gcc/arm-none-eabi/8.3.0/../../../../arm-none-eabi/lib/thumb/v7e-m/nofp/libg.a(lib_a-abs.o)
                0x0000000008004840                abs
 *(.rodata)
 *(.rodata.*)
 *fill*         0x0000000008004848        0x8 
 .rodata.CSWTCH.18
                0x0000000008004850        0x3 /tmp/ccsIfgmi.ltrans0.ltrans.o
 *fill*         0x0000000008004853        0xd 
 .rodata.CSWTCH.19
                0x0000000008004860        0x3 /tmp/ccsIfgmi.ltrans0.ltrans.o
 *fill*         0x0000000008004863        0xd 
 .rodata.MoveThread.str1.4
                0x0000000008004870       0x10 /tmp/ccsIfgmi.ltrans0.ltrans.o
                                         0x13 (size before relaxing)
 .rodata._stm32_dma_streams
                0x0000000008004880       0xc0 /tmp/ccsIfgmi.ltrans0.ltrans.o
 .rodata.ch_debug
                0x0000000008004940       0x16 /tmp/ccsIfgmi.ltrans0.ltrans.o
 *fill*         0x0000000008004956        0xa 
 .rodata.chprintf.constprop.1.str1.4
                0x0000000008004960        0x7 /tmp/ccsIfgmi.ltrans0.ltrans.o
 *fill*         0x0000000008004967        0x9 
 .rodata.icucfgA
                0x0000000008004970       0x1c /tmp/ccsIfgmi.ltrans0.ltrans.o
 *fill*         0x000000000800498c        0x4 
 .rodata.icucfgB
                0x0000000008004990       0x1c /tmp/ccsIfgmi.ltrans0.ltrans.o
 *fill*         0x00000000080049ac        0x4 
 .rodata.icucfgC
                0x00000000080049b0       0x1c /tmp/ccsIfgmi.ltrans0.ltrans.o
 *fill*         0x00000000080049cc        0x4 
 .rodata.line_sensors_cfg1
                0x00000000080049d0       0x28 /tmp/ccsIfgmi.ltrans0.ltrans.o
 *fill*         0x00000000080049f8        0x8 
 .rodata.line_sensors_cfg2
                0x0000000008004a00       0x28 /tmp/ccsIfgmi.ltrans0.ltrans.o
 *fill*         0x0000000008004a28        0x8 
 .rodata.main.str1.4
                0x0000000008004a30        0x8 /tmp/ccsIfgmi.ltrans0.ltrans.o
                                          0x5 (size before relaxing)
 *fill*         0x0000000008004a38        0x8 
 .rodata.pow10  0x0000000008004a40       0x24 /tmp/ccsIfgmi.ltrans0.ltrans.o
 *fill*         0x0000000008004a64        0xc 
 .rodata.ram_areas
                0x0000000008004a70       0x80 /tmp/ccsIfgmi.ltrans0.ltrans.o
 .rodata.vmt    0x0000000008004af0       0x20 /tmp/ccsIfgmi.ltrans0.ltrans.o
 .rodata.npio2_hw
                0x0000000008004b10       0x80 /usr/lib/gcc/arm-none-eabi/8.3.0/../../../../arm-none-eabi/lib/thumb/v7e-m/nofp/libm.a(lib_a-e_rem_pio2.o)
 .rodata.two_over_pi
                0x0000000008004b90      0x108 /usr/lib/gcc/arm-none-eabi/8.3.0/../../../../arm-none-eabi/lib/thumb/v7e-m/nofp/libm.a(lib_a-e_rem_pio2.o)
 *fill*         0x0000000008004c98        0x8 
 .rodata.PIo2   0x0000000008004ca0       0x40 /usr/lib/gcc/arm-none-eabi/8.3.0/../../../../arm-none-eabi/lib/thumb/v7e-m/nofp/libm.a(lib_a-k_rem_pio2.o)
 .rodata.init_jk
                0x0000000008004ce0       0x10 /usr/lib/gcc/arm-none-eabi/8.3.0/../../../../arm-none-eabi/lib/thumb/v7e-m/nofp/libm.a(lib_a-k_rem_pio2.o)
 *(.glue_7t)
 .glue_7t       0x0000000008004cf0        0x0 linker stubs
 *(.glue_7)
 .glue_7        0x0000000008004cf0        0x0 linker stubs
 *(.gcc*)

.vfp11_veneer   0x0000000008004cf0        0x0
 .vfp11_veneer  0x0000000008004cf0        0x0 linker stubs

.v4_bx          0x0000000008004cf0        0x0
 .v4_bx         0x0000000008004cf0        0x0 linker stubs

.iplt           0x0000000008004cf0        0x0
 .iplt          0x0000000008004cf0        0x0 build/obj/crt0_v7m.o

.rel.dyn        0x0000000008004cf0        0x0
 .rel.iplt      0x0000000008004cf0        0x0 build/obj/crt0_v7m.o

.ARM.extab
 *(.ARM.extab* .gnu.linkonce.armextab.*)

.ARM.exidx      0x0000000008004cf0        0x0
                0x0000000008004cf0                __exidx_start = .
 *(.ARM.exidx* .gnu.linkonce.armexidx.*)
                0x0000000008004cf0                __exidx_end = .

.eh_frame_hdr
 *(.eh_frame_hdr)

.eh_frame
 *(.eh_frame)

.textalign      0x0000000008004cf0        0x0
                0x0000000008004cf0                . = ALIGN (0x8)
                0x0000000008004cf0                . = ALIGN (0x4)
                [!provide]                        PROVIDE (_etext = .)

.mstack         0x0000000020000000      0x400
                0x0000000020000000                . = ALIGN (0x8)
                0x0000000020000000                __main_stack_base__ = .
                0x0000000020000400                . = (. + __main_stack_size__)
 *fill*         0x0000000020000000      0x400 
                0x0000000020000400                . = ALIGN (0x8)
                0x0000000020000400                __main_stack_end__ = .

.pstack         0x0000000020000400      0x400
                0x0000000020000400                __process_stack_base__ = .
                0x0000000020000400                __main_thread_stack_base__ = .
                0x0000000020000800                . = (. + __process_stack_size__)
 *fill*         0x0000000020000400      0x400 
                0x0000000020000800                . = ALIGN (0x8)
                0x0000000020000800                __process_stack_end__ = .
                0x0000000020000800                __main_thread_stack_end__ = .

.data           0x0000000020000800       0x34 load address 0x0000000008004cf0
                0x0000000020000800                . = ALIGN (0x4)
                [!provide]                        PROVIDE (_textdata = LOADADDR (.data))
                [!provide]                        PROVIDE (_data = .)
                0x0000000008004cf0                _textdata_start = LOADADDR (.data)
                0x0000000020000800                _data_start = .
 *(.data)
 *(.data.*)
 .data.pwmcfg   0x0000000020000800       0x34 /tmp/ccsIfgmi.ltrans0.ltrans.o
 *(.ramtext)
                0x0000000020000834                . = ALIGN (0x4)
                [!provide]                        PROVIDE (_edata = .)
                0x0000000020000834                _data_end = .

.igot.plt       0x0000000020000834        0x0 load address 0x0000000008004d24
 .igot.plt      0x0000000020000834        0x0 build/obj/crt0_v7m.o

.bss            0x0000000020000838      0x768 load address 0x0000000008004d24
                0x0000000020000838                . = ALIGN (0x4)
                0x0000000020000838                _bss_start = .
 *(.bss)
 *(.bss.*)
 .bss.ADCD1     0x0000000020000838       0x34 /tmp/ccsIfgmi.ltrans0.ltrans.o
 .bss.ICUD2     0x000000002000086c       0x18 /tmp/ccsIfgmi.ltrans0.ltrans.o
 .bss.ICUD3     0x0000000020000884       0x18 /tmp/ccsIfgmi.ltrans0.ltrans.o
 .bss.ICUD5     0x000000002000089c       0x18 /tmp/ccsIfgmi.ltrans0.ltrans.o
 .bss.PWMD1     0x00000000200008b4       0x1c /tmp/ccsIfgmi.ltrans0.ltrans.o
 .bss.SD1       0x00000000200008d0       0x78 /tmp/ccsIfgmi.ltrans0.ltrans.o
 .bss.ch        0x0000000020000948      0x150 /tmp/ccsIfgmi.ltrans0.ltrans.o
 .bss.default_heap
                0x0000000020000a98       0x20 /tmp/ccsIfgmi.ltrans0.ltrans.o
 .bss.dma_isr_redir
                0x0000000020000ab8       0x80 /tmp/ccsIfgmi.ltrans0.ltrans.o
 .bss.dma_streams_mask
                0x0000000020000b38        0x4 /tmp/ccsIfgmi.ltrans0.ltrans.o
 .bss.endmem    0x0000000020000b3c        0x4 /tmp/ccsIfgmi.ltrans0.ltrans.o
 .bss.main_timer
                0x0000000020000b40       0x3c /tmp/ccsIfgmi.ltrans0.ltrans.o
 .bss.motor_actual_speeds
                0x0000000020000b7c        0x6 /tmp/ccsIfgmi.ltrans0.ltrans.o
 *fill*         0x0000000020000b82        0x2 
 .bss.moving_thread
                0x0000000020000b84        0x4 /tmp/ccsIfgmi.ltrans0.ltrans.o
 .bss.nextmem   0x0000000020000b88        0x4 /tmp/ccsIfgmi.ltrans0.ltrans.o
 *fill*         0x0000000020000b8c        0x4 
 .bss.waMoveThread
                0x0000000020000b90      0x148 /tmp/ccsIfgmi.ltrans0.ltrans.o
 .bss.waSensorThread
                0x0000000020000cd8      0x2c8 /tmp/ccsIfgmi.ltrans0.ltrans.o
 *(COMMON)
                0x0000000020000fa0                . = ALIGN (0x4)
                0x0000000020000fa0                _bss_end = .
                [!provide]                        PROVIDE (end = .)

.ram0_init      0x0000000020000fa0        0x0 load address 0x0000000008004d24
                0x0000000020000fa0                . = ALIGN (0x4)
                0x0000000008004d24                __ram0_init_text__ = LOADADDR (.ram0_init)
                0x0000000020000fa0                __ram0_init__ = .
 *(.ram0_init)
 *(.ram0_init.*)
                0x0000000020000fa0                . = ALIGN (0x4)

.ram0           0x0000000020000fa0        0x0 load address 0x0000000008004d24
                0x0000000020000fa0                . = ALIGN (0x4)
                0x0000000020000fa0                __ram0_clear__ = .
 *(.ram0_clear)
 *(.ram0_clear.*)
                0x0000000020000fa0                . = ALIGN (0x4)
                0x0000000020000fa0                __ram0_noinit__ = .
 *(.ram0)
 *(.ram0.*)
                0x0000000020000fa0                . = ALIGN (0x4)
                0x0000000020000fa0                __ram0_free__ = .

.ram1_init      0x0000000000000000        0x0 load address 0x0000000008004d24
                0x0000000000000000                . = ALIGN (0x4)
                0x0000000008004d24                __ram1_init_text__ = LOADADDR (.ram1_init)
                0x0000000000000000                __ram1_init__ = .
 *(.ram1_init)
 *(.ram1_init.*)
                0x0000000000000000                . = ALIGN (0x4)

.ram1           0x0000000000000000        0x0 load address 0x0000000008004d24
                0x0000000000000000                . = ALIGN (0x4)
                0x0000000000000000                __ram1_clear__ = .
 *(.ram1_clear)
 *(.ram1_clear.*)
                0x0000000000000000                . = ALIGN (0x4)
                0x0000000000000000                __ram1_noinit__ = .
 *(.ram1)
 *(.ram1.*)
                0x0000000000000000                . = ALIGN (0x4)
                0x0000000000000000                __ram1_free__ = .

.ram2_init      0x0000000000000000        0x0 load address 0x0000000008004d24
                0x0000000000000000                . = ALIGN (0x4)
                0x0000000008004d24                __ram2_init_text__ = LOADADDR (.ram2_init)
                0x0000000000000000                __ram2_init__ = .
 *(.ram2_init)
 *(.ram2_init.*)
                0x0000000000000000                . = ALIGN (0x4)

.ram2           0x0000000000000000        0x0 load address 0x0000000008004d24
                0x0000000000000000                . = ALIGN (0x4)
                0x0000000000000000                __ram2_clear__ = .
 *(.ram2_clear)
 *(.ram2_clear.*)
                0x0000000000000000                . = ALIGN (0x4)
                0x0000000000000000                __ram2_noinit__ = .
 *(.ram2)
 *(.ram2.*)
                0x0000000000000000                . = ALIGN (0x4)
                0x0000000000000000                __ram2_free__ = .

.ram3_init      0x0000000000000000        0x0 load address 0x0000000008004d24
                0x0000000000000000                . = ALIGN (0x4)
                0x0000000008004d24                __ram3_init_text__ = LOADADDR (.ram3_init)
                0x0000000000000000                __ram3_init__ = .
 *(.ram3_init)
 *(.ram3_init.*)
                0x0000000000000000                . = ALIGN (0x4)

.ram3           0x0000000000000000        0x0 load address 0x0000000008004d24
                0x0000000000000000                . = ALIGN (0x4)
                0x0000000000000000                __ram3_clear__ = .
 *(.ram3_clear)
 *(.ram3_clear.*)
                0x0000000000000000                . = ALIGN (0x4)
                0x0000000000000000                __ram3_noinit__ = .
 *(.ram3)
 *(.ram3.*)
                0x0000000000000000                . = ALIGN (0x4)
                0x0000000000000000                __ram3_free__ = .

.ram4_init      0x0000000000000000        0x0 load address 0x0000000008004d24
                0x0000000000000000                . = ALIGN (0x4)
                0x0000000008004d24                __ram4_init_text__ = LOADADDR (.ram4_init)
                0x0000000000000000                __ram4_init__ = .
 *(.ram4_init)
 *(.ram4_init.*)
                0x0000000000000000                . = ALIGN (0x4)

.ram4           0x0000000000000000        0x0 load address 0x0000000008004d24
                0x0000000000000000                . = ALIGN (0x4)
                0x0000000000000000                __ram4_clear__ = .
 *(.ram4_clear)
 *(.ram4_clear.*)
                0x0000000000000000                . = ALIGN (0x4)
                0x0000000000000000                __ram4_noinit__ = .
 *(.ram4)
 *(.ram4.*)
                0x0000000000000000                . = ALIGN (0x4)
                0x0000000000000000                __ram4_free__ = .

.ram5_init      0x0000000000000000        0x0 load address 0x0000000008004d24
                0x0000000000000000                . = ALIGN (0x4)
                0x0000000008004d24                __ram5_init_text__ = LOADADDR (.ram5_init)
                0x0000000000000000                __ram5_init__ = .
 *(.ram5_init)
 *(.ram5_init.*)
                0x0000000000000000                . = ALIGN (0x4)

.ram5           0x0000000000000000        0x0 load address 0x0000000008004d24
                0x0000000000000000                . = ALIGN (0x4)
                0x0000000000000000                __ram5_clear__ = .
 *(.ram5_clear)
 *(.ram5_clear.*)
                0x0000000000000000                . = ALIGN (0x4)
                0x0000000000000000                __ram5_noinit__ = .
 *(.ram5)
 *(.ram5.*)
                0x0000000000000000                . = ALIGN (0x4)
                0x0000000000000000                __ram5_free__ = .

.ram6_init      0x0000000000000000        0x0 load address 0x0000000008004d24
                0x0000000000000000                . = ALIGN (0x4)
                0x0000000008004d24                __ram6_init_text__ = LOADADDR (.ram6_init)
                0x0000000000000000                __ram6_init__ = .
 *(.ram6_init)
 *(.ram6_init.*)
                0x0000000000000000                . = ALIGN (0x4)

.ram6           0x0000000000000000        0x0 load address 0x0000000008004d24
                0x0000000000000000                . = ALIGN (0x4)
                0x0000000000000000                __ram6_clear__ = .
 *(.ram6_clear)
 *(.ram6_clear.*)
                0x0000000000000000                . = ALIGN (0x4)
                0x0000000000000000                __ram6_noinit__ = .
 *(.ram6)
 *(.ram6.*)
                0x0000000000000000                . = ALIGN (0x4)
                0x0000000000000000                __ram6_free__ = .

.ram7_init      0x0000000000000000        0x0 load address 0x0000000008004d24
                0x0000000000000000                . = ALIGN (0x4)
                0x0000000008004d24                __ram7_init_text__ = LOADADDR (.ram7_init)
                0x0000000000000000                __ram7_init__ = .
 *(.ram7_init)
 *(.ram7_init.*)
                0x0000000000000000                . = ALIGN (0x4)

.ram7           0x0000000000000000        0x0 load address 0x0000000008004d24
                0x0000000000000000                . = ALIGN (0x4)
                0x0000000000000000                __ram7_clear__ = .
 *(.ram7_clear)
 *(.ram7_clear.*)
                0x0000000000000000                . = ALIGN (0x4)
                0x0000000000000000                __ram7_noinit__ = .
 *(.ram7)
 *(.ram7.*)
                0x0000000000000000                . = ALIGN (0x4)
                0x0000000000000000                __ram7_free__ = .

.heap           0x0000000020000fa0    0x1f060
                0x0000000020000fa0                . = ALIGN (0x8)
                0x0000000020000fa0                __heap_base__ = .
                0x0000000020020000                . = (ORIGIN (HEAP_RAM) + LENGTH (HEAP_RAM))
 *fill*         0x0000000020000fa0    0x1f060 
                0x0000000020020000                __heap_end__ = .
                0x0000000000000400                __process_stack_size__ = 0x400
                0x0000000000000400                __main_stack_size__ = 0x400
LOAD /usr/lib/gcc/arm-none-eabi/8.3.0/../../../../arm-none-eabi/lib/thumb/v7e-m/nofp/libm.a
START GROUP
LOAD /usr/lib/gcc/arm-none-eabi/8.3.0/thumb/v7e-m/nofp/libgcc.a
LOAD /usr/lib/gcc/arm-none-eabi/8.3.0/../../../../arm-none-eabi/lib/thumb/v7e-m/nofp/libg.a
LOAD /usr/lib/gcc/arm-none-eabi/8.3.0/../../../../arm-none-eabi/lib/thumb/v7e-m/nofp/libc.a
END GROUP
OUTPUT(build/ch.elf elf32-littlearm)

.ARM.attributes
                0x0000000000000000       0x2f
 .ARM.attributes
                0x0000000000000000       0x21 build/obj/crt0_v7m.o
 .ARM.attributes
                0x0000000000000021       0x21 build/obj/chcoreasm_v7m.o
 .ARM.attributes
                0x0000000000000042       0x2c /tmp/ccsIfgmi.ltrans0.ltrans.o
 .ARM.attributes
                0x000000000000006e       0x2e /usr/lib/gcc/arm-none-eabi/8.3.0/../../../../arm-none-eabi/lib/thumb/v7e-m/nofp/libm.a(lib_a-s_sin.o)
 .ARM.attributes
                0x000000000000009c       0x2e /usr/lib/gcc/arm-none-eabi/8.3.0/../../../../arm-none-eabi/lib/thumb/v7e-m/nofp/libm.a(lib_a-truncl.o)
 .ARM.attributes
                0x00000000000000ca       0x2e /usr/lib/gcc/arm-none-eabi/8.3.0/../../../../arm-none-eabi/lib/thumb/v7e-m/nofp/libm.a(lib_a-e_rem_pio2.o)
 .ARM.attributes
                0x00000000000000f8       0x2e /usr/lib/gcc/arm-none-eabi/8.3.0/../../../../arm-none-eabi/lib/thumb/v7e-m/nofp/libm.a(lib_a-k_cos.o)
 .ARM.attributes
                0x0000000000000126       0x2e /usr/lib/gcc/arm-none-eabi/8.3.0/../../../../arm-none-eabi/lib/thumb/v7e-m/nofp/libm.a(lib_a-k_rem_pio2.o)
 .ARM.attributes
                0x0000000000000154       0x2e /usr/lib/gcc/arm-none-eabi/8.3.0/../../../../arm-none-eabi/lib/thumb/v7e-m/nofp/libm.a(lib_a-k_sin.o)
 .ARM.attributes
                0x0000000000000182       0x2e /usr/lib/gcc/arm-none-eabi/8.3.0/../../../../arm-none-eabi/lib/thumb/v7e-m/nofp/libm.a(lib_a-s_fabs.o)
 .ARM.attributes
                0x00000000000001b0       0x2e /usr/lib/gcc/arm-none-eabi/8.3.0/../../../../arm-none-eabi/lib/thumb/v7e-m/nofp/libm.a(lib_a-s_floor.o)
 .ARM.attributes
                0x00000000000001de       0x2e /usr/lib/gcc/arm-none-eabi/8.3.0/../../../../arm-none-eabi/lib/thumb/v7e-m/nofp/libm.a(lib_a-s_scalbn.o)
 .ARM.attributes
                0x000000000000020c       0x2e /usr/lib/gcc/arm-none-eabi/8.3.0/../../../../arm-none-eabi/lib/thumb/v7e-m/nofp/libm.a(lib_a-s_trunc.o)
 .ARM.attributes
                0x000000000000023a       0x1e /usr/lib/gcc/arm-none-eabi/8.3.0/thumb/v7e-m/nofp/libgcc.a(_arm_addsubdf3.o)
 .ARM.attributes
                0x0000000000000258       0x1e /usr/lib/gcc/arm-none-eabi/8.3.0/thumb/v7e-m/nofp/libgcc.a(_arm_muldivdf3.o)
 .ARM.attributes
                0x0000000000000276       0x1e /usr/lib/gcc/arm-none-eabi/8.3.0/thumb/v7e-m/nofp/libgcc.a(_arm_cmpdf2.o)
 .ARM.attributes
                0x0000000000000294       0x1e /usr/lib/gcc/arm-none-eabi/8.3.0/thumb/v7e-m/nofp/libgcc.a(_arm_fixdfsi.o)
 .ARM.attributes
                0x00000000000002b2       0x1e /usr/lib/gcc/arm-none-eabi/8.3.0/thumb/v7e-m/nofp/libgcc.a(_arm_truncdfsf2.o)
 .ARM.attributes
                0x00000000000002d0       0x1e /usr/lib/gcc/arm-none-eabi/8.3.0/thumb/v7e-m/nofp/libgcc.a(_arm_cmpsf2.o)
 .ARM.attributes
                0x00000000000002ee       0x1e /usr/lib/gcc/arm-none-eabi/8.3.0/thumb/v7e-m/nofp/libgcc.a(_arm_fixsfsi.o)
 .ARM.attributes
                0x000000000000030c       0x2e /usr/lib/gcc/arm-none-eabi/8.3.0/../../../../arm-none-eabi/lib/thumb/v7e-m/nofp/libg.a(lib_a-abs.o)

.comment        0x0000000000000000       0x1d
 .comment       0x0000000000000000       0x1d /tmp/ccsIfgmi.ltrans0.ltrans.o
                                         0x1e (size before relaxing)

.debug_info     0x0000000000000000    0x4c96a
 .debug_info    0x0000000000000000    0x45ab5 /tmp/ccDKhpKsdebugobj
                0x0000000000000000                crt1.c.405e5b9d
                0x00000000000002fe                vectors.c.c16b7251
                0x00000000000004f6                chsys.c.36a1d695
                0x0000000000001874                chdebug.c.6eb4acd4
                0x000000000000205c                chvt.c.44616795
                0x0000000000002ad5                chschd.c.6292d637
                0x0000000000003582                chthreads.c.f78ef770
                0x00000000000045dc                chtm.c.21d69a9e
                0x0000000000005071                chdynamic.c.8965b2dd
                0x0000000000005b47                chregistry.c.c45a1cd3
                0x0000000000006403                chsem.c.d6dc95fc
                0x0000000000006f6e                chmtx.c.d99a3b3c
                0x0000000000007a93                chcond.c.8e802188
                0x00000000000085b9                chevents.c.b04b31db
                0x00000000000092a8                chmsg.c.9f876acd
                0x0000000000009c36                chmboxes.c.0cdfa8cf
                0x000000000000a89c                chqueues.c.a5364ef4
                0x000000000000b512                chmemcore.c.0c1dd2c4
                0x000000000000be0c                chheap.c.f5eeefd0
                0x000000000000c83a                chmempools.c.5a9cef92
                0x000000000000d298                chcore.c.63bc56c3
                0x000000000000da80                chcore_v7m.c.1c647813
                0x000000000000e548                osal.c.5671c20d
                0x000000000000ed30                hal.c.e06ece72
                0x00000000000103db                st.c.1aac281a
                0x0000000000011b4f                hal_buffers.c.40e15258
                0x0000000000014244                hal_queues.c.323df927
                0x00000000000158de                hal_mmcsd.c.0caf236e
                0x0000000000016f78                adc.c.6e0a02a8
                0x00000000000189ae                icu.c.08ec64c1
                0x000000000001a261                pal.c.703c8e3d
                0x000000000001bb24                pwm.c.04a32bd6
                0x000000000001d483                serial.c.e3c74801
                0x000000000001efb1                nvic.c.93b225c7
                0x00000000000209c8                hal_lld.c.867d536c
                0x00000000000222f8                stm32_dma.c.b31ae849
                0x0000000000023e7c                st_lld.c.855a7241
                0x00000000000257a3                adc_lld.c.6f7e54b7
                0x0000000000027235                pal_lld.c.beb3287c
                0x0000000000028caa                icu_lld.c.313b9150
                0x000000000002a70d                pwm_lld.c.a18ee7e5
                0x000000000002c125                serial_lld.c.8f552ab8
                0x000000000002dbea                board.c.619042f1
                0x000000000002f29c                test.c.f80d29a8
                0x0000000000031031                testthd.c.75e84e15
                0x0000000000031c39                testsem.c.eb4db0d3
                0x00000000000329f4                testmtx.c.cda6c758
                0x0000000000033614                testmsg.c.cc9dfab8
                0x0000000000033fef                testmbox.c.29b46df3
                0x0000000000034add                testevt.c.f7b63a91
                0x00000000000358fa                testheap.c.6c4a1049
                0x0000000000036393                testpools.c.94ce6a6f
                0x0000000000036dc2                testdyn.c.34bb5ee8
                0x000000000003798d                testqueues.c.7ee90e1e
                0x000000000003860c                testsys.c.232efdcf
                0x0000000000039242                testbmk.c.a6f44a9e
                0x000000000003a09b                chprintf.c.0896cf81
                0x000000000003bb25                main.c.93cc8cff
                0x000000000003db8e                config.c.7649b8ba
                0x000000000003fca5                motor.c.bc0b82c0
                0x000000000004211d                analog.c.ef288601
                0x00000000000443ba                comunication.c.c159f559
 .debug_info    0x0000000000045ab5     0x6eb5 /tmp/ccsIfgmi.ltrans0.ltrans.o

.debug_abbrev   0x0000000000000000     0x906b
 .debug_abbrev  0x0000000000000000     0x8ce8 /tmp/ccDKhpKsdebugobj
 .debug_abbrev  0x0000000000008ce8      0x383 /tmp/ccsIfgmi.ltrans0.ltrans.o

.debug_line     0x0000000000000000    0x1241a
 .debug_line    0x0000000000000000     0xd6ea /tmp/ccDKhpKsdebugobj
 .debug_line    0x000000000000d6ea     0x4d30 /tmp/ccsIfgmi.ltrans0.ltrans.o

.debug_str      0x0000000000000000     0x4ec4
 .debug_str     0x0000000000000000     0x4da4 /tmp/ccDKhpKsdebugobj
                                      0x2a139 (size before relaxing)
 .debug_str     0x0000000000004da4      0x120 /tmp/ccsIfgmi.ltrans0.ltrans.o
                                        0x187 (size before relaxing)

.debug_loc      0x0000000000000000     0x5196
 .debug_loc     0x0000000000000000     0x5196 /tmp/ccsIfgmi.ltrans0.ltrans.o

.debug_aranges  0x0000000000000000      0x250
 .debug_aranges
                0x0000000000000000      0x250 /tmp/ccsIfgmi.ltrans0.ltrans.o

.debug_ranges   0x0000000000000000     0x2ba0
 .debug_ranges  0x0000000000000000     0x2ba0 /tmp/ccsIfgmi.ltrans0.ltrans.o

.debug_frame    0x0000000000000000      0xd98
 .debug_frame   0x0000000000000000      0x848 /tmp/ccsIfgmi.ltrans0.ltrans.o
 .debug_frame   0x0000000000000848       0x38 /usr/lib/gcc/arm-none-eabi/8.3.0/../../../../arm-none-eabi/lib/thumb/v7e-m/nofp/libm.a(lib_a-s_sin.o)
 .debug_frame   0x0000000000000880       0x20 /usr/lib/gcc/arm-none-eabi/8.3.0/../../../../arm-none-eabi/lib/thumb/v7e-m/nofp/libm.a(lib_a-truncl.o)
 .debug_frame   0x00000000000008a0       0x4c /usr/lib/gcc/arm-none-eabi/8.3.0/../../../../arm-none-eabi/lib/thumb/v7e-m/nofp/libm.a(lib_a-e_rem_pio2.o)
 .debug_frame   0x00000000000008ec       0x4c /usr/lib/gcc/arm-none-eabi/8.3.0/../../../../arm-none-eabi/lib/thumb/v7e-m/nofp/libm.a(lib_a-k_cos.o)
 .debug_frame   0x0000000000000938       0x58 /usr/lib/gcc/arm-none-eabi/8.3.0/../../../../arm-none-eabi/lib/thumb/v7e-m/nofp/libm.a(lib_a-k_rem_pio2.o)
 .debug_frame   0x0000000000000990       0x48 /usr/lib/gcc/arm-none-eabi/8.3.0/../../../../arm-none-eabi/lib/thumb/v7e-m/nofp/libm.a(lib_a-k_sin.o)
 .debug_frame   0x00000000000009d8       0x20 /usr/lib/gcc/arm-none-eabi/8.3.0/../../../../arm-none-eabi/lib/thumb/v7e-m/nofp/libm.a(lib_a-s_fabs.o)
 .debug_frame   0x00000000000009f8       0x30 /usr/lib/gcc/arm-none-eabi/8.3.0/../../../../arm-none-eabi/lib/thumb/v7e-m/nofp/libm.a(lib_a-s_floor.o)
 .debug_frame   0x0000000000000a28       0x30 /usr/lib/gcc/arm-none-eabi/8.3.0/../../../../arm-none-eabi/lib/thumb/v7e-m/nofp/libm.a(lib_a-s_scalbn.o)
 .debug_frame   0x0000000000000a58       0x2c /usr/lib/gcc/arm-none-eabi/8.3.0/../../../../arm-none-eabi/lib/thumb/v7e-m/nofp/libm.a(lib_a-s_trunc.o)
 .debug_frame   0x0000000000000a84       0xac /usr/lib/gcc/arm-none-eabi/8.3.0/thumb/v7e-m/nofp/libgcc.a(_arm_addsubdf3.o)
 .debug_frame   0x0000000000000b30       0x50 /usr/lib/gcc/arm-none-eabi/8.3.0/thumb/v7e-m/nofp/libgcc.a(_arm_muldivdf3.o)
 .debug_frame   0x0000000000000b80       0xc4 /usr/lib/gcc/arm-none-eabi/8.3.0/thumb/v7e-m/nofp/libgcc.a(_arm_cmpdf2.o)
 .debug_frame   0x0000000000000c44       0x24 /usr/lib/gcc/arm-none-eabi/8.3.0/thumb/v7e-m/nofp/libgcc.a(_arm_fixdfsi.o)
 .debug_frame   0x0000000000000c68       0x24 /usr/lib/gcc/arm-none-eabi/8.3.0/thumb/v7e-m/nofp/libgcc.a(_arm_truncdfsf2.o)
 .debug_frame   0x0000000000000c8c       0xc8 /usr/lib/gcc/arm-none-eabi/8.3.0/thumb/v7e-m/nofp/libgcc.a(_arm_cmpsf2.o)
 .debug_frame   0x0000000000000d54       0x24 /usr/lib/gcc/arm-none-eabi/8.3.0/thumb/v7e-m/nofp/libgcc.a(_arm_fixsfsi.o)
 .debug_frame   0x0000000000000d78       0x20 /usr/lib/gcc/arm-none-eabi/8.3.0/../../../../arm-none-eabi/lib/thumb/v7e-m/nofp/libg.a(lib_a-abs.o)

Cross Reference Table

Symbol                                            File
ADCD1                                             build/obj/adc_lld.o (symbol from plugin)
                                                  build/obj/analog.o (symbol from plugin)
                                                  build/obj/config.o (symbol from plugin)
BusFault_Handler                                  build/obj/vectors.o (symbol from plugin)
DebugMon_Handler                                  build/obj/vectors.o (symbol from plugin)
HardFault_Handler                                 build/obj/vectors.o (symbol from plugin)
ICUD2                                             build/obj/icu_lld.o (symbol from plugin)
                                                  build/obj/config.o (symbol from plugin)
ICUD3                                             build/obj/icu_lld.o (symbol from plugin)
                                                  build/obj/config.o (symbol from plugin)
ICUD5                                             build/obj/icu_lld.o (symbol from plugin)
                                                  build/obj/config.o (symbol from plugin)
MemManage_Handler                                 build/obj/vectors.o (symbol from plugin)
MotorBalanceThread                                build/obj/motor.o (symbol from plugin)
MoveThread                                        build/obj/analog.o (symbol from plugin)
NMI_Handler                                       build/obj/vectors.o (symbol from plugin)
PWMD1                                             build/obj/pwm_lld.o (symbol from plugin)
                                                  build/obj/motor.o (symbol from plugin)
                                                  build/obj/config.o (symbol from plugin)
PendSV_Handler                                    build/obj/vectors.o (symbol from plugin)
Reset_Handler                                     build/obj/crt0_v7m.o
                                                  /tmp/ccsIfgmi.ltrans0.ltrans.o
                                                  build/obj/vectors.o (symbol from plugin)
SD1                                               build/obj/serial_lld.o (symbol from plugin)
                                                  build/obj/comunication.o (symbol from plugin)
                                                  build/obj/motor.o (symbol from plugin)
                                                  build/obj/config.o (symbol from plugin)
SVC_Handler                                       build/obj/chcore_v7m.o (symbol from plugin)
                                                  build/obj/vectors.o (symbol from plugin)
SensorThread                                      build/obj/analog.o (symbol from plugin)
SysTick_Handler                                   build/obj/vectors.o (symbol from plugin)
SystemCoreClock                                   build/obj/hal_lld.o (symbol from plugin)
TestThread                                        build/obj/test.o (symbol from plugin)
UsageFault_Handler                                build/obj/vectors.o (symbol from plugin)
Vector100                                         build/obj/vectors.o (symbol from plugin)
Vector104                                         build/obj/vectors.o (symbol from plugin)
Vector108                                         build/obj/icu_lld.o (symbol from plugin)
                                                  build/obj/vectors.o (symbol from plugin)
Vector10C                                         build/obj/vectors.o (symbol from plugin)
Vector110                                         build/obj/vectors.o (symbol from plugin)
Vector114                                         build/obj/vectors.o (symbol from plugin)
Vector118                                         build/obj/vectors.o (symbol from plugin)
Vector11C                                         build/obj/vectors.o (symbol from plugin)
Vector120                                         build/obj/stm32_dma.o (symbol from plugin)
                                                  build/obj/vectors.o (symbol from plugin)
Vector124                                         build/obj/stm32_dma.o (symbol from plugin)
                                                  build/obj/vectors.o (symbol from plugin)
Vector128                                         build/obj/stm32_dma.o (symbol from plugin)
                                                  build/obj/vectors.o (symbol from plugin)
Vector12C                                         build/obj/stm32_dma.o (symbol from plugin)
                                                  build/obj/vectors.o (symbol from plugin)
Vector130                                         build/obj/stm32_dma.o (symbol from plugin)
                                                  build/obj/vectors.o (symbol from plugin)
Vector134                                         build/obj/vectors.o (symbol from plugin)
Vector138                                         build/obj/vectors.o (symbol from plugin)
Vector13C                                         build/obj/vectors.o (symbol from plugin)
Vector140                                         build/obj/vectors.o (symbol from plugin)
Vector144                                         build/obj/vectors.o (symbol from plugin)
Vector148                                         build/obj/vectors.o (symbol from plugin)
Vector14C                                         build/obj/vectors.o (symbol from plugin)
Vector150                                         build/obj/stm32_dma.o (symbol from plugin)
                                                  build/obj/vectors.o (symbol from plugin)
Vector154                                         build/obj/stm32_dma.o (symbol from plugin)
                                                  build/obj/vectors.o (symbol from plugin)
Vector158                                         build/obj/stm32_dma.o (symbol from plugin)
                                                  build/obj/vectors.o (symbol from plugin)
Vector15C                                         build/obj/vectors.o (symbol from plugin)
Vector160                                         build/obj/vectors.o (symbol from plugin)
Vector164                                         build/obj/vectors.o (symbol from plugin)
Vector168                                         build/obj/vectors.o (symbol from plugin)
Vector16C                                         build/obj/vectors.o (symbol from plugin)
Vector170                                         build/obj/vectors.o (symbol from plugin)
Vector174                                         build/obj/vectors.o (symbol from plugin)
Vector178                                         build/obj/vectors.o (symbol from plugin)
Vector17C                                         build/obj/vectors.o (symbol from plugin)
Vector180                                         build/obj/vectors.o (symbol from plugin)
Vector184                                         build/obj/vectors.o (symbol from plugin)
Vector188                                         build/obj/vectors.o (symbol from plugin)
Vector18C                                         build/obj/vectors.o (symbol from plugin)
Vector190                                         build/obj/vectors.o (symbol from plugin)
Vector194                                         build/obj/vectors.o (symbol from plugin)
Vector198                                         build/obj/vectors.o (symbol from plugin)
Vector19C                                         build/obj/vectors.o (symbol from plugin)
Vector1A0                                         build/obj/vectors.o (symbol from plugin)
Vector1A4                                         build/obj/vectors.o (symbol from plugin)
Vector1A8                                         build/obj/vectors.o (symbol from plugin)
Vector1AC                                         build/obj/vectors.o (symbol from plugin)
Vector1B0                                         build/obj/vectors.o (symbol from plugin)
Vector1B4                                         build/obj/vectors.o (symbol from plugin)
Vector1B8                                         build/obj/vectors.o (symbol from plugin)
Vector1BC                                         build/obj/vectors.o (symbol from plugin)
Vector1C                                          build/obj/vectors.o (symbol from plugin)
Vector20                                          build/obj/vectors.o (symbol from plugin)
Vector24                                          build/obj/vectors.o (symbol from plugin)
Vector28                                          build/obj/vectors.o (symbol from plugin)
Vector34                                          build/obj/vectors.o (symbol from plugin)
Vector40                                          build/obj/vectors.o (symbol from plugin)
Vector44                                          build/obj/vectors.o (symbol from plugin)
Vector48                                          build/obj/vectors.o (symbol from plugin)
Vector4C                                          build/obj/vectors.o (symbol from plugin)
Vector50                                          build/obj/vectors.o (symbol from plugin)
Vector54                                          build/obj/vectors.o (symbol from plugin)
Vector58                                          build/obj/vectors.o (symbol from plugin)
Vector5C                                          build/obj/vectors.o (symbol from plugin)
Vector60                                          build/obj/vectors.o (symbol from plugin)
Vector64                                          build/obj/vectors.o (symbol from plugin)
Vector68                                          build/obj/vectors.o (symbol from plugin)
Vector6C                                          build/obj/stm32_dma.o (symbol from plugin)
                                                  build/obj/vectors.o (symbol from plugin)
Vector70                                          build/obj/stm32_dma.o (symbol from plugin)
                                                  build/obj/vectors.o (symbol from plugin)
Vector74                                          build/obj/stm32_dma.o (symbol from plugin)
                                                  build/obj/vectors.o (symbol from plugin)
Vector78                                          build/obj/stm32_dma.o (symbol from plugin)
                                                  build/obj/vectors.o (symbol from plugin)
Vector7C                                          build/obj/stm32_dma.o (symbol from plugin)
                                                  build/obj/vectors.o (symbol from plugin)
Vector80                                          build/obj/stm32_dma.o (symbol from plugin)
                                                  build/obj/vectors.o (symbol from plugin)
Vector84                                          build/obj/stm32_dma.o (symbol from plugin)
                                                  build/obj/vectors.o (symbol from plugin)
Vector88                                          build/obj/adc_lld.o (symbol from plugin)
                                                  build/obj/vectors.o (symbol from plugin)
Vector8C                                          build/obj/vectors.o (symbol from plugin)
Vector90                                          build/obj/vectors.o (symbol from plugin)
Vector94                                          build/obj/vectors.o (symbol from plugin)
Vector98                                          build/obj/vectors.o (symbol from plugin)
Vector9C                                          build/obj/vectors.o (symbol from plugin)
VectorA0                                          build/obj/vectors.o (symbol from plugin)
VectorA4                                          build/obj/pwm_lld.o (symbol from plugin)
                                                  build/obj/vectors.o (symbol from plugin)
VectorA8                                          build/obj/vectors.o (symbol from plugin)
VectorAC                                          build/obj/pwm_lld.o (symbol from plugin)
                                                  build/obj/vectors.o (symbol from plugin)
VectorB0                                          build/obj/icu_lld.o (symbol from plugin)
                                                  build/obj/vectors.o (symbol from plugin)
VectorB4                                          build/obj/icu_lld.o (symbol from plugin)
                                                  build/obj/vectors.o (symbol from plugin)
VectorB8                                          build/obj/st_lld.o (symbol from plugin)
                                                  build/obj/vectors.o (symbol from plugin)
VectorBC                                          build/obj/vectors.o (symbol from plugin)
VectorC0                                          build/obj/vectors.o (symbol from plugin)
VectorC4                                          build/obj/vectors.o (symbol from plugin)
VectorC8                                          build/obj/vectors.o (symbol from plugin)
VectorCC                                          build/obj/vectors.o (symbol from plugin)
VectorD0                                          build/obj/vectors.o (symbol from plugin)
VectorD4                                          build/obj/serial_lld.o (symbol from plugin)
                                                  build/obj/vectors.o (symbol from plugin)
VectorD8                                          build/obj/vectors.o (symbol from plugin)
VectorDC                                          build/obj/vectors.o (symbol from plugin)
VectorE0                                          build/obj/vectors.o (symbol from plugin)
VectorE4                                          build/obj/vectors.o (symbol from plugin)
VectorE8                                          build/obj/vectors.o (symbol from plugin)
VectorEC                                          build/obj/vectors.o (symbol from plugin)
VectorF0                                          build/obj/vectors.o (symbol from plugin)
VectorF4                                          build/obj/vectors.o (symbol from plugin)
VectorF8                                          build/obj/vectors.o (symbol from plugin)
VectorFC                                          build/obj/stm32_dma.o (symbol from plugin)
                                                  build/obj/vectors.o (symbol from plugin)
__adddf3                                          /usr/lib/gcc/arm-none-eabi/8.3.0/thumb/v7e-m/nofp/libgcc.a(_arm_addsubdf3.o)
__aeabi_cdcmpeq                                   /usr/lib/gcc/arm-none-eabi/8.3.0/thumb/v7e-m/nofp/libgcc.a(_arm_cmpdf2.o)
__aeabi_cdcmple                                   /usr/lib/gcc/arm-none-eabi/8.3.0/thumb/v7e-m/nofp/libgcc.a(_arm_cmpdf2.o)
__aeabi_cdrcmple                                  /usr/lib/gcc/arm-none-eabi/8.3.0/thumb/v7e-m/nofp/libgcc.a(_arm_cmpdf2.o)
__aeabi_cfcmpeq                                   /usr/lib/gcc/arm-none-eabi/8.3.0/thumb/v7e-m/nofp/libgcc.a(_arm_cmpsf2.o)
__aeabi_cfcmple                                   /usr/lib/gcc/arm-none-eabi/8.3.0/thumb/v7e-m/nofp/libgcc.a(_arm_cmpsf2.o)
__aeabi_cfrcmple                                  /usr/lib/gcc/arm-none-eabi/8.3.0/thumb/v7e-m/nofp/libgcc.a(_arm_cmpsf2.o)
__aeabi_d2f                                       /usr/lib/gcc/arm-none-eabi/8.3.0/thumb/v7e-m/nofp/libgcc.a(_arm_truncdfsf2.o)
                                                  /tmp/ccsIfgmi.ltrans0.ltrans.o
__aeabi_d2iz                                      /usr/lib/gcc/arm-none-eabi/8.3.0/thumb/v7e-m/nofp/libgcc.a(_arm_fixdfsi.o)
                                                  /usr/lib/gcc/arm-none-eabi/8.3.0/../../../../arm-none-eabi/lib/thumb/v7e-m/nofp/libm.a(lib_a-k_sin.o)
                                                  /usr/lib/gcc/arm-none-eabi/8.3.0/../../../../arm-none-eabi/lib/thumb/v7e-m/nofp/libm.a(lib_a-k_rem_pio2.o)
                                                  /usr/lib/gcc/arm-none-eabi/8.3.0/../../../../arm-none-eabi/lib/thumb/v7e-m/nofp/libm.a(lib_a-k_cos.o)
                                                  /usr/lib/gcc/arm-none-eabi/8.3.0/../../../../arm-none-eabi/lib/thumb/v7e-m/nofp/libm.a(lib_a-e_rem_pio2.o)
                                                  /tmp/ccsIfgmi.ltrans0.ltrans.o
__aeabi_dadd                                      /usr/lib/gcc/arm-none-eabi/8.3.0/thumb/v7e-m/nofp/libgcc.a(_arm_addsubdf3.o)
                                                  /usr/lib/gcc/arm-none-eabi/8.3.0/../../../../arm-none-eabi/lib/thumb/v7e-m/nofp/libm.a(lib_a-s_trunc.o)
                                                  /usr/lib/gcc/arm-none-eabi/8.3.0/../../../../arm-none-eabi/lib/thumb/v7e-m/nofp/libm.a(lib_a-s_scalbn.o)
                                                  /usr/lib/gcc/arm-none-eabi/8.3.0/../../../../arm-none-eabi/lib/thumb/v7e-m/nofp/libm.a(lib_a-s_floor.o)
                                                  /usr/lib/gcc/arm-none-eabi/8.3.0/../../../../arm-none-eabi/lib/thumb/v7e-m/nofp/libm.a(lib_a-k_sin.o)
                                                  /usr/lib/gcc/arm-none-eabi/8.3.0/../../../../arm-none-eabi/lib/thumb/v7e-m/nofp/libm.a(lib_a-k_rem_pio2.o)
                                                  /usr/lib/gcc/arm-none-eabi/8.3.0/../../../../arm-none-eabi/lib/thumb/v7e-m/nofp/libm.a(lib_a-k_cos.o)
                                                  /usr/lib/gcc/arm-none-eabi/8.3.0/../../../../arm-none-eabi/lib/thumb/v7e-m/nofp/libm.a(lib_a-e_rem_pio2.o)
                                                  /tmp/ccsIfgmi.ltrans0.ltrans.o
__aeabi_dcmpeq                                    /usr/lib/gcc/arm-none-eabi/8.3.0/thumb/v7e-m/nofp/libgcc.a(_arm_cmpdf2.o)
                                                  /usr/lib/gcc/arm-none-eabi/8.3.0/../../../../arm-none-eabi/lib/thumb/v7e-m/nofp/libm.a(lib_a-k_rem_pio2.o)
                                                  /usr/lib/gcc/arm-none-eabi/8.3.0/../../../../arm-none-eabi/lib/thumb/v7e-m/nofp/libm.a(lib_a-e_rem_pio2.o)
                                                  /tmp/ccsIfgmi.ltrans0.ltrans.o
__aeabi_dcmpge                                    /usr/lib/gcc/arm-none-eabi/8.3.0/thumb/v7e-m/nofp/libgcc.a(_arm_cmpdf2.o)
                                                  /usr/lib/gcc/arm-none-eabi/8.3.0/../../../../arm-none-eabi/lib/thumb/v7e-m/nofp/libm.a(lib_a-k_rem_pio2.o)
__aeabi_dcmpgt                                    /usr/lib/gcc/arm-none-eabi/8.3.0/thumb/v7e-m/nofp/libgcc.a(_arm_cmpdf2.o)
                                                  /usr/lib/gcc/arm-none-eabi/8.3.0/../../../../arm-none-eabi/lib/thumb/v7e-m/nofp/libm.a(lib_a-s_floor.o)
                                                  /tmp/ccsIfgmi.ltrans0.ltrans.o
__aeabi_dcmple                                    /usr/lib/gcc/arm-none-eabi/8.3.0/thumb/v7e-m/nofp/libgcc.a(_arm_cmpdf2.o)
__aeabi_dcmplt                                    /usr/lib/gcc/arm-none-eabi/8.3.0/thumb/v7e-m/nofp/libgcc.a(_arm_cmpdf2.o)
                                                  /tmp/ccsIfgmi.ltrans0.ltrans.o
__aeabi_ddiv                                      /usr/lib/gcc/arm-none-eabi/8.3.0/thumb/v7e-m/nofp/libgcc.a(_arm_muldivdf3.o)
                                                  /tmp/ccsIfgmi.ltrans0.ltrans.o
__aeabi_dmul                                      /usr/lib/gcc/arm-none-eabi/8.3.0/thumb/v7e-m/nofp/libgcc.a(_arm_muldivdf3.o)
                                                  /usr/lib/gcc/arm-none-eabi/8.3.0/../../../../arm-none-eabi/lib/thumb/v7e-m/nofp/libm.a(lib_a-s_scalbn.o)
                                                  /usr/lib/gcc/arm-none-eabi/8.3.0/../../../../arm-none-eabi/lib/thumb/v7e-m/nofp/libm.a(lib_a-k_sin.o)
                                                  /usr/lib/gcc/arm-none-eabi/8.3.0/../../../../arm-none-eabi/lib/thumb/v7e-m/nofp/libm.a(lib_a-k_rem_pio2.o)
                                                  /usr/lib/gcc/arm-none-eabi/8.3.0/../../../../arm-none-eabi/lib/thumb/v7e-m/nofp/libm.a(lib_a-k_cos.o)
                                                  /usr/lib/gcc/arm-none-eabi/8.3.0/../../../../arm-none-eabi/lib/thumb/v7e-m/nofp/libm.a(lib_a-e_rem_pio2.o)
                                                  /tmp/ccsIfgmi.ltrans0.ltrans.o
__aeabi_drsub                                     /usr/lib/gcc/arm-none-eabi/8.3.0/thumb/v7e-m/nofp/libgcc.a(_arm_addsubdf3.o)
__aeabi_dsub                                      /usr/lib/gcc/arm-none-eabi/8.3.0/thumb/v7e-m/nofp/libgcc.a(_arm_addsubdf3.o)
                                                  /usr/lib/gcc/arm-none-eabi/8.3.0/../../../../arm-none-eabi/lib/thumb/v7e-m/nofp/libm.a(lib_a-k_sin.o)
                                                  /usr/lib/gcc/arm-none-eabi/8.3.0/../../../../arm-none-eabi/lib/thumb/v7e-m/nofp/libm.a(lib_a-k_rem_pio2.o)
                                                  /usr/lib/gcc/arm-none-eabi/8.3.0/../../../../arm-none-eabi/lib/thumb/v7e-m/nofp/libm.a(lib_a-k_cos.o)
                                                  /usr/lib/gcc/arm-none-eabi/8.3.0/../../../../arm-none-eabi/lib/thumb/v7e-m/nofp/libm.a(lib_a-e_rem_pio2.o)
                                                  /usr/lib/gcc/arm-none-eabi/8.3.0/../../../../arm-none-eabi/lib/thumb/v7e-m/nofp/libm.a(lib_a-s_sin.o)
                                                  /tmp/ccsIfgmi.ltrans0.ltrans.o
__aeabi_f2d                                       /usr/lib/gcc/arm-none-eabi/8.3.0/thumb/v7e-m/nofp/libgcc.a(_arm_addsubdf3.o)
                                                  /tmp/ccsIfgmi.ltrans0.ltrans.o
__aeabi_f2iz                                      /usr/lib/gcc/arm-none-eabi/8.3.0/thumb/v7e-m/nofp/libgcc.a(_arm_fixsfsi.o)
                                                  /tmp/ccsIfgmi.ltrans0.ltrans.o
__aeabi_fcmpeq                                    /usr/lib/gcc/arm-none-eabi/8.3.0/thumb/v7e-m/nofp/libgcc.a(_arm_cmpsf2.o)
__aeabi_fcmpge                                    /usr/lib/gcc/arm-none-eabi/8.3.0/thumb/v7e-m/nofp/libgcc.a(_arm_cmpsf2.o)
__aeabi_fcmpgt                                    /usr/lib/gcc/arm-none-eabi/8.3.0/thumb/v7e-m/nofp/libgcc.a(_arm_cmpsf2.o)
__aeabi_fcmple                                    /usr/lib/gcc/arm-none-eabi/8.3.0/thumb/v7e-m/nofp/libgcc.a(_arm_cmpsf2.o)
__aeabi_fcmplt                                    /usr/lib/gcc/arm-none-eabi/8.3.0/thumb/v7e-m/nofp/libgcc.a(_arm_cmpsf2.o)
                                                  /tmp/ccsIfgmi.ltrans0.ltrans.o
__aeabi_i2d                                       /usr/lib/gcc/arm-none-eabi/8.3.0/thumb/v7e-m/nofp/libgcc.a(_arm_addsubdf3.o)
                                                  /usr/lib/gcc/arm-none-eabi/8.3.0/../../../../arm-none-eabi/lib/thumb/v7e-m/nofp/libm.a(lib_a-k_rem_pio2.o)
                                                  /usr/lib/gcc/arm-none-eabi/8.3.0/../../../../arm-none-eabi/lib/thumb/v7e-m/nofp/libm.a(lib_a-e_rem_pio2.o)
                                                  /tmp/ccsIfgmi.ltrans0.ltrans.o
__aeabi_l2d                                       /usr/lib/gcc/arm-none-eabi/8.3.0/thumb/v7e-m/nofp/libgcc.a(_arm_addsubdf3.o)
__aeabi_ui2d                                      /usr/lib/gcc/arm-none-eabi/8.3.0/thumb/v7e-m/nofp/libgcc.a(_arm_addsubdf3.o)
                                                  /tmp/ccsIfgmi.ltrans0.ltrans.o
__aeabi_ul2d                                      /usr/lib/gcc/arm-none-eabi/8.3.0/thumb/v7e-m/nofp/libgcc.a(_arm_addsubdf3.o)
__cmpdf2                                          /usr/lib/gcc/arm-none-eabi/8.3.0/thumb/v7e-m/nofp/libgcc.a(_arm_cmpdf2.o)
__cmpsf2                                          /usr/lib/gcc/arm-none-eabi/8.3.0/thumb/v7e-m/nofp/libgcc.a(_arm_cmpsf2.o)
__core_init                                       /tmp/ccsIfgmi.ltrans0.ltrans.o
                                                  build/obj/crt1.o (symbol from plugin)
                                                  build/obj/crt0_v7m.o
__default_exit                                    /tmp/ccsIfgmi.ltrans0.ltrans.o
                                                  build/obj/crt1.o (symbol from plugin)
                                                  build/obj/crt0_v7m.o
__divdf3                                          /usr/lib/gcc/arm-none-eabi/8.3.0/thumb/v7e-m/nofp/libgcc.a(_arm_muldivdf3.o)
__early_init                                      /tmp/ccsIfgmi.ltrans0.ltrans.o
                                                  build/obj/board.o (symbol from plugin)
                                                  build/obj/crt1.o (symbol from plugin)
                                                  build/obj/crt0_v7m.o
__eqdf2                                           /usr/lib/gcc/arm-none-eabi/8.3.0/thumb/v7e-m/nofp/libgcc.a(_arm_cmpdf2.o)
__eqsf2                                           /usr/lib/gcc/arm-none-eabi/8.3.0/thumb/v7e-m/nofp/libgcc.a(_arm_cmpsf2.o)
__extendsfdf2                                     /usr/lib/gcc/arm-none-eabi/8.3.0/thumb/v7e-m/nofp/libgcc.a(_arm_addsubdf3.o)
__fini_array_end                                  build/obj/crt0_v7m.o
__fini_array_start                                build/obj/crt0_v7m.o
__fixdfsi                                         /usr/lib/gcc/arm-none-eabi/8.3.0/thumb/v7e-m/nofp/libgcc.a(_arm_fixdfsi.o)
__fixsfsi                                         /usr/lib/gcc/arm-none-eabi/8.3.0/thumb/v7e-m/nofp/libgcc.a(_arm_fixsfsi.o)
__floatdidf                                       /usr/lib/gcc/arm-none-eabi/8.3.0/thumb/v7e-m/nofp/libgcc.a(_arm_addsubdf3.o)
__floatsidf                                       /usr/lib/gcc/arm-none-eabi/8.3.0/thumb/v7e-m/nofp/libgcc.a(_arm_addsubdf3.o)
__floatundidf                                     /usr/lib/gcc/arm-none-eabi/8.3.0/thumb/v7e-m/nofp/libgcc.a(_arm_addsubdf3.o)
__floatunsidf                                     /usr/lib/gcc/arm-none-eabi/8.3.0/thumb/v7e-m/nofp/libgcc.a(_arm_addsubdf3.o)
__gedf2                                           /usr/lib/gcc/arm-none-eabi/8.3.0/thumb/v7e-m/nofp/libgcc.a(_arm_cmpdf2.o)
__gesf2                                           /usr/lib/gcc/arm-none-eabi/8.3.0/thumb/v7e-m/nofp/libgcc.a(_arm_cmpsf2.o)
__gtdf2                                           /usr/lib/gcc/arm-none-eabi/8.3.0/thumb/v7e-m/nofp/libgcc.a(_arm_cmpdf2.o)
__gtsf2                                           /usr/lib/gcc/arm-none-eabi/8.3.0/thumb/v7e-m/nofp/libgcc.a(_arm_cmpsf2.o)
__heap_base__                                     /tmp/ccsIfgmi.ltrans0.ltrans.o
                                                  build/obj/chmemcore.o (symbol from plugin)
__heap_end__                                      /tmp/ccsIfgmi.ltrans0.ltrans.o
                                                  build/obj/chmemcore.o (symbol from plugin)
__ieee754_rem_pio2                                /usr/lib/gcc/arm-none-eabi/8.3.0/../../../../arm-none-eabi/lib/thumb/v7e-m/nofp/libm.a(lib_a-e_rem_pio2.o)
                                                  /usr/lib/gcc/arm-none-eabi/8.3.0/../../../../arm-none-eabi/lib/thumb/v7e-m/nofp/libm.a(lib_a-s_sin.o)
__init_array_end                                  build/obj/crt0_v7m.o
__init_array_start                                build/obj/crt0_v7m.o
__init_ram_areas                                  /tmp/ccsIfgmi.ltrans0.ltrans.o
                                                  build/obj/crt1.o (symbol from plugin)
                                                  build/obj/crt0_v7m.o
__kernel_cos                                      /usr/lib/gcc/arm-none-eabi/8.3.0/../../../../arm-none-eabi/lib/thumb/v7e-m/nofp/libm.a(lib_a-k_cos.o)
                                                  /usr/lib/gcc/arm-none-eabi/8.3.0/../../../../arm-none-eabi/lib/thumb/v7e-m/nofp/libm.a(lib_a-s_sin.o)
__kernel_rem_pio2                                 /usr/lib/gcc/arm-none-eabi/8.3.0/../../../../arm-none-eabi/lib/thumb/v7e-m/nofp/libm.a(lib_a-k_rem_pio2.o)
                                                  /usr/lib/gcc/arm-none-eabi/8.3.0/../../../../arm-none-eabi/lib/thumb/v7e-m/nofp/libm.a(lib_a-e_rem_pio2.o)
__kernel_sin                                      /usr/lib/gcc/arm-none-eabi/8.3.0/../../../../arm-none-eabi/lib/thumb/v7e-m/nofp/libm.a(lib_a-k_sin.o)
                                                  /usr/lib/gcc/arm-none-eabi/8.3.0/../../../../arm-none-eabi/lib/thumb/v7e-m/nofp/libm.a(lib_a-s_sin.o)
__late_init                                       /tmp/ccsIfgmi.ltrans0.ltrans.o
                                                  build/obj/crt1.o (symbol from plugin)
                                                  build/obj/crt0_v7m.o
__ledf2                                           /usr/lib/gcc/arm-none-eabi/8.3.0/thumb/v7e-m/nofp/libgcc.a(_arm_cmpdf2.o)
__lesf2                                           /usr/lib/gcc/arm-none-eabi/8.3.0/thumb/v7e-m/nofp/libgcc.a(_arm_cmpsf2.o)
__ltdf2                                           /usr/lib/gcc/arm-none-eabi/8.3.0/thumb/v7e-m/nofp/libgcc.a(_arm_cmpdf2.o)
__ltsf2                                           /usr/lib/gcc/arm-none-eabi/8.3.0/thumb/v7e-m/nofp/libgcc.a(_arm_cmpsf2.o)
__main_stack_base__                               build/obj/crt0_v7m.o
__main_stack_end__                                /tmp/ccsIfgmi.ltrans0.ltrans.o
                                                  build/obj/vectors.o (symbol from plugin)
                                                  build/obj/crt0_v7m.o
__muldf3                                          /usr/lib/gcc/arm-none-eabi/8.3.0/thumb/v7e-m/nofp/libgcc.a(_arm_muldivdf3.o)
__nedf2                                           /usr/lib/gcc/arm-none-eabi/8.3.0/thumb/v7e-m/nofp/libgcc.a(_arm_cmpdf2.o)
__nesf2                                           /usr/lib/gcc/arm-none-eabi/8.3.0/thumb/v7e-m/nofp/libgcc.a(_arm_cmpsf2.o)
__process_stack_base__                            build/obj/crt0_v7m.o
__process_stack_end__                             build/obj/crt0_v7m.o
__ram0_clear__                                    /tmp/ccsIfgmi.ltrans0.ltrans.o
                                                  build/obj/crt1.o (symbol from plugin)
__ram0_init__                                     /tmp/ccsIfgmi.ltrans0.ltrans.o
                                                  build/obj/crt1.o (symbol from plugin)
__ram0_init_text__                                /tmp/ccsIfgmi.ltrans0.ltrans.o
                                                  build/obj/crt1.o (symbol from plugin)
__ram0_noinit__                                   /tmp/ccsIfgmi.ltrans0.ltrans.o
                                                  build/obj/crt1.o (symbol from plugin)
__ram1_clear__                                    /tmp/ccsIfgmi.ltrans0.ltrans.o
                                                  build/obj/crt1.o (symbol from plugin)
__ram1_init__                                     /tmp/ccsIfgmi.ltrans0.ltrans.o
                                                  build/obj/crt1.o (symbol from plugin)
__ram1_init_text__                                /tmp/ccsIfgmi.ltrans0.ltrans.o
                                                  build/obj/crt1.o (symbol from plugin)
__ram1_noinit__                                   /tmp/ccsIfgmi.ltrans0.ltrans.o
                                                  build/obj/crt1.o (symbol from plugin)
__ram2_clear__                                    /tmp/ccsIfgmi.ltrans0.ltrans.o
                                                  build/obj/crt1.o (symbol from plugin)
__ram2_init__                                     /tmp/ccsIfgmi.ltrans0.ltrans.o
                                                  build/obj/crt1.o (symbol from plugin)
__ram2_init_text__                                /tmp/ccsIfgmi.ltrans0.ltrans.o
                                                  build/obj/crt1.o (symbol from plugin)
__ram2_noinit__                                   /tmp/ccsIfgmi.ltrans0.ltrans.o
                                                  build/obj/crt1.o (symbol from plugin)
__ram3_clear__                                    /tmp/ccsIfgmi.ltrans0.ltrans.o
                                                  build/obj/crt1.o (symbol from plugin)
__ram3_init__                                     /tmp/ccsIfgmi.ltrans0.ltrans.o
                                                  build/obj/crt1.o (symbol from plugin)
__ram3_init_text__                                /tmp/ccsIfgmi.ltrans0.ltrans.o
                                                  build/obj/crt1.o (symbol from plugin)
__ram3_noinit__                                   /tmp/ccsIfgmi.ltrans0.ltrans.o
                                                  build/obj/crt1.o (symbol from plugin)
__ram4_clear__                                    /tmp/ccsIfgmi.ltrans0.ltrans.o
                                                  build/obj/crt1.o (symbol from plugin)
__ram4_init__                                     /tmp/ccsIfgmi.ltrans0.ltrans.o
                                                  build/obj/crt1.o (symbol from plugin)
__ram4_init_text__                                /tmp/ccsIfgmi.ltrans0.ltrans.o
                                                  build/obj/crt1.o (symbol from plugin)
__ram4_noinit__                                   /tmp/ccsIfgmi.ltrans0.ltrans.o
                                                  build/obj/crt1.o (symbol from plugin)
__ram5_clear__                                    /tmp/ccsIfgmi.ltrans0.ltrans.o
                                                  build/obj/crt1.o (symbol from plugin)
__ram5_init__                                     /tmp/ccsIfgmi.ltrans0.ltrans.o
                                                  build/obj/crt1.o (symbol from plugin)
__ram5_init_text__                                /tmp/ccsIfgmi.ltrans0.ltrans.o
                                                  build/obj/crt1.o (symbol from plugin)
__ram5_noinit__                                   /tmp/ccsIfgmi.ltrans0.ltrans.o
                                                  build/obj/crt1.o (symbol from plugin)
__ram6_clear__                                    /tmp/ccsIfgmi.ltrans0.ltrans.o
                                                  build/obj/crt1.o (symbol from plugin)
__ram6_init__                                     /tmp/ccsIfgmi.ltrans0.ltrans.o
                                                  build/obj/crt1.o (symbol from plugin)
__ram6_init_text__                                /tmp/ccsIfgmi.ltrans0.ltrans.o
                                                  build/obj/crt1.o (symbol from plugin)
__ram6_noinit__                                   /tmp/ccsIfgmi.ltrans0.ltrans.o
                                                  build/obj/crt1.o (symbol from plugin)
__ram7_clear__                                    /tmp/ccsIfgmi.ltrans0.ltrans.o
                                                  build/obj/crt1.o (symbol from plugin)
__ram7_init__                                     /tmp/ccsIfgmi.ltrans0.ltrans.o
                                                  build/obj/crt1.o (symbol from plugin)
__ram7_init_text__                                /tmp/ccsIfgmi.ltrans0.ltrans.o
                                                  build/obj/crt1.o (symbol from plugin)
__ram7_noinit__                                   /tmp/ccsIfgmi.ltrans0.ltrans.o
                                                  build/obj/crt1.o (symbol from plugin)
__subdf3                                          /usr/lib/gcc/arm-none-eabi/8.3.0/thumb/v7e-m/nofp/libgcc.a(_arm_addsubdf3.o)
__truncdfsf2                                      /usr/lib/gcc/arm-none-eabi/8.3.0/thumb/v7e-m/nofp/libgcc.a(_arm_truncdfsf2.o)
_bss_end                                          build/obj/crt0_v7m.o
_bss_start                                        build/obj/crt0_v7m.o
_core_init                                        build/obj/chmemcore.o (symbol from plugin)
                                                  build/obj/chsys.o (symbol from plugin)
_data_end                                         build/obj/crt0_v7m.o
_data_start                                       build/obj/crt0_v7m.o
_heap_init                                        build/obj/chheap.o (symbol from plugin)
                                                  build/obj/chsys.o (symbol from plugin)
_pal_lld_init                                     build/obj/pal_lld.o (symbol from plugin)
                                                  build/obj/hal.o (symbol from plugin)
_pal_lld_setgroupmode                             build/obj/pal_lld.o (symbol from plugin)
                                                  build/obj/config.o (symbol from plugin)
                                                  build/obj/pal.o (symbol from plugin)
_port_exit_from_isr                               build/obj/chcoreasm_v7m.o
                                                  /tmp/ccsIfgmi.ltrans0.ltrans.o
                                                  build/obj/chcore_v7m.o (symbol from plugin)
_port_irq_epilogue                                build/obj/chcore_v7m.o (symbol from plugin)
                                                  build/obj/serial_lld.o (symbol from plugin)
                                                  build/obj/pwm_lld.o (symbol from plugin)
                                                  build/obj/icu_lld.o (symbol from plugin)
                                                  build/obj/adc_lld.o (symbol from plugin)
                                                  build/obj/st_lld.o (symbol from plugin)
                                                  build/obj/stm32_dma.o (symbol from plugin)
_port_switch                                      build/obj/chcoreasm_v7m.o
                                                  /tmp/ccsIfgmi.ltrans0.ltrans.o
                                                  build/obj/chschd.o (symbol from plugin)
_port_switch_from_isr                             build/obj/chcoreasm_v7m.o
                                                  /tmp/ccsIfgmi.ltrans0.ltrans.o
                                                  build/obj/chcore_v7m.o (symbol from plugin)
_port_thread_start                                build/obj/chcoreasm_v7m.o
                                                  /tmp/ccsIfgmi.ltrans0.ltrans.o
                                                  build/obj/chthreads.o (symbol from plugin)
_scheduler_init                                   build/obj/chschd.o (symbol from plugin)
                                                  build/obj/chsys.o (symbol from plugin)
_stm32_dma_streams                                build/obj/stm32_dma.o (symbol from plugin)
                                                  build/obj/adc_lld.o (symbol from plugin)
_test_assert                                      build/obj/test.o (symbol from plugin)
                                                  build/obj/testsys.o (symbol from plugin)
                                                  build/obj/testqueues.o (symbol from plugin)
                                                  build/obj/testdyn.o (symbol from plugin)
                                                  build/obj/testpools.o (symbol from plugin)
                                                  build/obj/testheap.o (symbol from plugin)
                                                  build/obj/testevt.o (symbol from plugin)
                                                  build/obj/testmbox.o (symbol from plugin)
                                                  build/obj/testmtx.o (symbol from plugin)
                                                  build/obj/testsem.o (symbol from plugin)
                                                  build/obj/testthd.o (symbol from plugin)
_test_assert_sequence                             build/obj/test.o (symbol from plugin)
                                                  build/obj/testqueues.o (symbol from plugin)
                                                  build/obj/testdyn.o (symbol from plugin)
                                                  build/obj/testevt.o (symbol from plugin)
                                                  build/obj/testmbox.o (symbol from plugin)
                                                  build/obj/testmsg.o (symbol from plugin)
                                                  build/obj/testmtx.o (symbol from plugin)
                                                  build/obj/testsem.o (symbol from plugin)
                                                  build/obj/testthd.o (symbol from plugin)
_test_assert_time_window                          build/obj/test.o (symbol from plugin)
                                                  build/obj/testevt.o (symbol from plugin)
                                                  build/obj/testsem.o (symbol from plugin)
                                                  build/obj/testthd.o (symbol from plugin)
_test_fail                                        build/obj/test.o (symbol from plugin)
_textdata_start                                   build/obj/crt0_v7m.o
_thread_init                                      build/obj/chthreads.o (symbol from plugin)
                                                  build/obj/chsys.o (symbol from plugin)
_tm_init                                          build/obj/chtm.o (symbol from plugin)
                                                  build/obj/chsys.o (symbol from plugin)
_unhandled_exception                              build/obj/vectors.o (symbol from plugin)
_vectors                                          /tmp/ccsIfgmi.ltrans0.ltrans.o
                                                  build/obj/vectors.o (symbol from plugin)
_vt_init                                          build/obj/chvt.o (symbol from plugin)
                                                  build/obj/chsys.o (symbol from plugin)
abs                                               /usr/lib/gcc/arm-none-eabi/8.3.0/../../../../arm-none-eabi/lib/thumb/v7e-m/nofp/libg.a(lib_a-abs.o)
                                                  /tmp/ccsIfgmi.ltrans0.ltrans.o
adc.c.6e0a02a8                                    /tmp/ccDKhpKsdebugobj
                                                  /tmp/ccsIfgmi.ltrans0.ltrans.o
adcAcquireBus                                     build/obj/adc.o (symbol from plugin)
adcConvert                                        build/obj/adc.o (symbol from plugin)
                                                  build/obj/analog.o (symbol from plugin)
adcInit                                           build/obj/adc.o (symbol from plugin)
                                                  build/obj/hal.o (symbol from plugin)
adcObjectInit                                     build/obj/adc.o (symbol from plugin)
                                                  build/obj/adc_lld.o (symbol from plugin)
adcReleaseBus                                     build/obj/adc.o (symbol from plugin)
adcSTM32DisableTSVREFE                            build/obj/adc_lld.o (symbol from plugin)
adcSTM32DisableVBATE                              build/obj/adc_lld.o (symbol from plugin)
adcSTM32EnableTSVREFE                             build/obj/adc_lld.o (symbol from plugin)
                                                  build/obj/config.o (symbol from plugin)
adcSTM32EnableVBATE                               build/obj/adc_lld.o (symbol from plugin)
adcStart                                          build/obj/adc.o (symbol from plugin)
                                                  build/obj/config.o (symbol from plugin)
adcStartConversion                                build/obj/adc.o (symbol from plugin)
adcStartConversionI                               build/obj/adc.o (symbol from plugin)
adcStop                                           build/obj/adc.o (symbol from plugin)
adcStopConversion                                 build/obj/adc.o (symbol from plugin)
adcStopConversionI                                build/obj/adc.o (symbol from plugin)
adc_lld.c.6f7e54b7                                /tmp/ccDKhpKsdebugobj
                                                  /tmp/ccsIfgmi.ltrans0.ltrans.o
adc_lld_init                                      build/obj/adc_lld.o (symbol from plugin)
                                                  build/obj/adc.o (symbol from plugin)
adc_lld_start                                     build/obj/adc_lld.o (symbol from plugin)
                                                  build/obj/adc.o (symbol from plugin)
adc_lld_start_conversion                          build/obj/adc_lld.o (symbol from plugin)