
Discarded input sections

 .data          0x0000000000000000        0x0 build/obj/crt0_v7m.o
 .bss           0x0000000000000000        0x0 build/obj/crt0_v7m.o
 .data          0x0000000000000000        0x0 build/obj/chcoreasm_v7m.o
 .bss           0x0000000000000000        0x0 build/obj/chcoreasm_v7m.o
 .text          0x0000000000000000        0x0 build/obj/crt1.o (symbol from plugin)
 .text          0x0000000000000000        0x0 /tmp/cclfTxac.ltrans0.ltrans.o
 .data          0x0000000000000000        0x0 /tmp/cclfTxac.ltrans0.ltrans.o
 .bss           0x0000000000000000        0x0 /tmp/cclfTxac.ltrans0.ltrans.o
 .text          0x0000000000000000        0x0 /tmp/cclfTxac.ltrans1.ltrans.o
 .data          0x0000000000000000        0x0 /tmp/cclfTxac.ltrans1.ltrans.o
 .bss           0x0000000000000000        0x0 /tmp/cclfTxac.ltrans1.ltrans.o
 .text          0x0000000000000000        0x0 /tmp/cclfTxac.ltrans2.ltrans.o
 .data          0x0000000000000000        0x0 /tmp/cclfTxac.ltrans2.ltrans.o
 .bss           0x0000000000000000        0x0 /tmp/cclfTxac.ltrans2.ltrans.o
 .text          0x0000000000000000        0x0 build/obj/vectors.o (symbol from plugin)
 .text          0x0000000000000000        0x0 build/obj/chsys.o (symbol from plugin)
 .text          0x0000000000000000        0x0 build/obj/chdebug.o (symbol from plugin)
 .text          0x0000000000000000        0x0 build/obj/chvt.o (symbol from plugin)
 .text          0x0000000000000000        0x0 build/obj/chschd.o (symbol from plugin)
 .text          0x0000000000000000        0x0 build/obj/chthreads.o (symbol from plugin)
 .text          0x0000000000000000        0x0 build/obj/chtm.o (symbol from plugin)
 .text          0x0000000000000000        0x0 build/obj/chdynamic.o (symbol from plugin)
 .text          0x0000000000000000        0x0 build/obj/chregistry.o (symbol from plugin)
 .text          0x0000000000000000        0x0 build/obj/chsem.o (symbol from plugin)
 .text          0x0000000000000000        0x0 build/obj/chmtx.o (symbol from plugin)
 .text          0x0000000000000000        0x0 build/obj/chcond.o (symbol from plugin)
 .text          0x0000000000000000        0x0 build/obj/chevents.o (symbol from plugin)
 .text          0x0000000000000000        0x0 build/obj/chmsg.o (symbol from plugin)
 .text          0x0000000000000000        0x0 build/obj/chmboxes.o (symbol from plugin)
 .text          0x0000000000000000        0x0 build/obj/chqueues.o (symbol from plugin)
 .text          0x0000000000000000        0x0 build/obj/chmemcore.o (symbol from plugin)
 .text          0x0000000000000000        0x0 build/obj/chheap.o (symbol from plugin)
 .text          0x0000000000000000        0x0 build/obj/chmempools.o (symbol from plugin)
 .text          0x0000000000000000        0x0 build/obj/chcore.o (symbol from plugin)
 .text          0x0000000000000000        0x0 build/obj/chcore_v7m.o (symbol from plugin)
 .text          0x0000000000000000        0x0 build/obj/osal.o (symbol from plugin)
 .text          0x0000000000000000        0x0 build/obj/hal.o (symbol from plugin)
 .text          0x0000000000000000        0x0 build/obj/st.o (symbol from plugin)
 .text          0x0000000000000000        0x0 build/obj/hal_buffers.o (symbol from plugin)
 .text          0x0000000000000000        0x0 build/obj/hal_queues.o (symbol from plugin)
 .text          0x0000000000000000        0x0 build/obj/hal_mmcsd.o (symbol from plugin)
 .text          0x0000000000000000        0x0 build/obj/adc.o (symbol from plugin)
 .text          0x0000000000000000        0x0 build/obj/icu.o (symbol from plugin)
 .text          0x0000000000000000        0x0 build/obj/pal.o (symbol from plugin)
 .text          0x0000000000000000        0x0 build/obj/pwm.o (symbol from plugin)
 .text          0x0000000000000000        0x0 build/obj/serial.o (symbol from plugin)
 .text          0x0000000000000000        0x0 build/obj/nvic.o (symbol from plugin)
 .text          0x0000000000000000        0x0 build/obj/hal_lld.o (symbol from plugin)
 .text          0x0000000000000000        0x0 build/obj/stm32_dma.o (symbol from plugin)
 .text          0x0000000000000000        0x0 build/obj/st_lld.o (symbol from plugin)
 .text          0x0000000000000000        0x0 build/obj/adc_lld.o (symbol from plugin)
 .text          0x0000000000000000        0x0 build/obj/pal_lld.o (symbol from plugin)
 .text          0x0000000000000000        0x0 build/obj/icu_lld.o (symbol from plugin)
 .text          0x0000000000000000        0x0 build/obj/pwm_lld.o (symbol from plugin)
 .text          0x0000000000000000        0x0 build/obj/serial_lld.o (symbol from plugin)
 .text          0x0000000000000000        0x0 build/obj/board.o (symbol from plugin)
 .text          0x0000000000000000        0x0 build/obj/test.o (symbol from plugin)
 .text          0x0000000000000000        0x0 build/obj/testthd.o (symbol from plugin)
 .text          0x0000000000000000        0x0 build/obj/testsem.o (symbol from plugin)
[...]
Memory Configuration

Name             Origin             Length             Attributes
flash            0x0000000008000000 0x0000000000080000
ram0             0x0000000020000000 0x0000000000020000
ram1             0x0000000000000000 0x0000000000000000
ram2             0x0000000000000000 0x0000000000000000
ram3             0x0000000000000000 0x0000000000000000
ram4             0x0000000000000000 0x0000000000000000
ram5             0x0000000000000000 0x0000000000000000
ram6             0x0000000000000000 0x0000000000000000
ram7             0x0000000000000000 0x0000000000000000
*default*        0x0000000000000000 0xffffffffffffffff

Linker script and memory map

LOAD build/obj/crt0_v7m.o
LOAD build/obj/chcoreasm_v7m.o
LOAD build/obj/crt1.o
LOAD /tmp/cclfTxac.ltrans0.ltrans.o
LOAD /tmp/cclfTxac.ltrans1.ltrans.o
LOAD /tmp/cclfTxac.ltrans2.ltrans.o
LOAD build/obj/vectors.o
LOAD build/obj/chsys.o
LOAD build/obj/chdebug.o
LOAD build/obj/chvt.o
LOAD build/obj/chschd.o
LOAD build/obj/chthreads.o
LOAD build/obj/chtm.o
LOAD build/obj/chdynamic.o
LOAD build/obj/chregistry.o
LOAD build/obj/chsem.o
LOAD build/obj/chmtx.o
LOAD build/obj/chcond.o
LOAD build/obj/chevents.o
LOAD build/obj/chmsg.o
LOAD build/obj/chmboxes.o
LOAD build/obj/chqueues.o
LOAD build/obj/chmemcore.o
LOAD build/obj/chheap.o
LOAD build/obj/chmempools.o
LOAD build/obj/chcore.o
LOAD build/obj/chcore_v7m.o
LOAD build/obj/osal.o
LOAD build/obj/hal.o
LOAD build/obj/st.o
LOAD build/obj/hal_buffers.o
LOAD build/obj/hal_queues.o
LOAD build/obj/hal_mmcsd.o
LOAD build/obj/adc.o
LOAD build/obj/icu.o
LOAD build/obj/pal.o
LOAD build/obj/pwm.o
LOAD build/obj/serial.o
LOAD build/obj/nvic.o
LOAD build/obj/hal_lld.o
LOAD build/obj/stm32_dma.o
LOAD build/obj/st_lld.o
LOAD build/obj/adc_lld.o
LOAD build/obj/pal_lld.o
LOAD build/obj/icu_lld.o
LOAD build/obj/pwm_lld.o
LOAD build/obj/serial_lld.o
LOAD build/obj/board.o
LOAD build/obj/test.o
LOAD build/obj/testthd.o
LOAD build/obj/testsem.o
LOAD build/obj/testmtx.o
LOAD build/obj/testmsg.o
LOAD build/obj/testmbox.o
LOAD build/obj/testevt.o
LOAD build/obj/testheap.o
LOAD build/obj/testpools.o
LOAD build/obj/testdyn.o
LOAD build/obj/testqueues.o
LOAD build/obj/testsys.o
LOAD build/obj/testbmk.o
LOAD build/obj/main.o
LOAD build/obj/config.o
LOAD build/obj/motor.o
LOAD build/obj/analog.o
LOAD build/obj/chprintf.o
                0x0000000020000000                __ram0_start__ = ORIGIN (ram0)
                0x0000000000020000                __ram0_size__ = LENGTH (ram0)
                0x0000000020020000                __ram0_end__ = (__ram0_start__ + __ram0_size__)
                0x0000000000000000                __ram1_start__ = ORIGIN (ram1)
                0x0000000000000000                __ram1_size__ = LENGTH (ram1)
                0x0000000000000000                __ram1_end__ = (__ram1_start__ + __ram1_size__)
                0x0000000000000000                __ram2_start__ = ORIGIN (ram2)
                0x0000000000000000                __ram2_size__ = LENGTH (ram2)
                0x0000000000000000                __ram2_end__ = (__ram2_start__ + __ram2_size__)
                0x0000000000000000                __ram3_start__ = ORIGIN (ram3)
                0x0000000000000000                __ram3_size__ = LENGTH (ram3)
                0x0000000000000000                __ram3_end__ = (__ram3_start__ + __ram3_size__)
                0x0000000000000000                __ram4_start__ = ORIGIN (ram4)
                0x0000000000000000                __ram4_size__ = LENGTH (ram4)
                0x0000000000000000                __ram4_end__ = (__ram4_start__ + __ram4_size__)
                0x0000000000000000                __ram5_start__ = ORIGIN (ram5)
                0x0000000000000000                __ram5_size__ = LENGTH (ram5)
                0x0000000000000000                __ram5_end__ = (__ram5_start__ + __ram5_size__)
                0x0000000000000000                __ram6_start__ = ORIGIN (ram6)
                0x0000000000000000                __ram6_size__ = LENGTH (ram6)
                0x0000000000000000                __ram6_end__ = (__ram6_start__ + __ram6_size__)
                0x0000000000000000                __ram7_start__ = ORIGIN (ram7)
                0x0000000000000000                __ram7_size__ = LENGTH (ram7)
                0x0000000000000000                __ram7_end__ = (__ram7_start__ + __ram7_size__)
                0x0000000000000000                . = 0x0
                0x0000000000000000                _text = .

startup         0x0000000008000000      0x1c0
 *(.vectors)
 .vectors       0x0000000008000000      0x1c0 /tmp/cclfTxac.ltrans1.ltrans.o
                0x0000000008000000                _vectors

constructors    0x00000000080001c0        0x0
                0x00000000080001c0                __init_array_start = .
 *(SORT(.init_array.*))
 *(.init_array)
                0x00000000080001c0                __init_array_end = .

destructors     0x00000000080001c0        0x0
                0x00000000080001c0                __fini_array_start = .
 *(.fini_array)
 *(SORT(.fini_array.*))
                0x00000000080001c0                __fini_array_end = .

.text           0x00000000080001c0     0x2670
 *(.text)
 .text          0x00000000080001c0       0xc4 build/obj/crt0_v7m.o
                0x00000000080001c0                Reset_Handler
 *fill*         0x0000000008000284        0xc 
 .text          0x0000000008000290       0x28 build/obj/chcoreasm_v7m.o
                0x0000000008000290                _port_switch
                0x00000000080002a0                _port_thread_start
                0x00000000080002b0                _port_switch_from_isr
                0x00000000080002b4                _port_exit_from_isr
 *(.text.*)
 *fill*         0x00000000080002b8        0x8 
 .text.icu_lld_serve_interrupt
                0x00000000080002c0       0x8c /tmp/cclfTxac.ltrans0.ltrans.o
 *fill*         0x000000000800034c        0x4 
 .text.SVC_Handler
                0x0000000008000350       0x1c /tmp/cclfTxac.ltrans0.ltrans.o
                0x0000000008000350                SVC_Handler
 *fill*         0x000000000800036c        0x4 
 .text.chCoreAlloc
                0x0000000008000370       0x38 /tmp/cclfTxac.ltrans0.ltrans.o
                0x0000000008000370                chCoreAlloc
 *fill*         0x00000000080003a8        0x8 
 .text.wakeup   0x00000000080003b0       0x6c /tmp/cclfTxac.ltrans0.ltrans.o
 *fill*         0x000000000800041c        0x4 
 .text._idle_thread.lto_priv.45
                0x0000000008000420        0x4 /tmp/cclfTxac.ltrans0.ltrans.o
                0x0000000008000420                _idle_thread.lto_priv.45
 *fill*         0x0000000008000424        0xc 
 .text.icu_lld_enable_notifications
                0x0000000008000430       0x3c /tmp/cclfTxac.ltrans0.ltrans.o
                0x0000000008000430                icu_lld_enable_notifications
 *fill*         0x000000000800046c        0x4 
 .text.icu_lld_start
                0x0000000008000470      0x13c /tmp/cclfTxac.ltrans0.ltrans.o
                0x0000000008000470                icu_lld_start
 *fill*         0x00000000080005ac        0x4 
 .text.icu_lld_init
                0x00000000080005b0       0x40 /tmp/cclfTxac.ltrans0.ltrans.o
                0x00000000080005b0                icu_lld_init
 .text._pal_lld_setgroupmode
                0x00000000080005f0       0xd0 /tmp/cclfTxac.ltrans0.ltrans.o
                0x00000000080005f0                _pal_lld_setgroupmode
 .text.icuStartCapture
                0x00000000080006c0       0x28 /tmp/cclfTxac.ltrans0.ltrans.o
                0x00000000080006c0                icuStartCapture
 *fill*         0x00000000080006e8        0x8 
 .text._port_irq_epilogue
                0x00000000080006f0       0x5c /tmp/cclfTxac.ltrans0.ltrans.o
                0x00000000080006f0                _port_irq_epilogue
 *fill*         0x000000000800074c        0x4 
 .text.VectorA4
                0x0000000008000750       0x64 /tmp/cclfTxac.ltrans0.ltrans.o
                0x0000000008000750                VectorA4
 *fill*         0x00000000080007b4        0xc 
 .text.Vector108
                0x00000000080007c0       0x14 /tmp/cclfTxac.ltrans0.ltrans.o
                0x00000000080007c0                Vector108
 *fill*         0x00000000080007d4        0xc 
 .text.VectorB4
                0x00000000080007e0       0x14 /tmp/cclfTxac.ltrans0.ltrans.o
                0x00000000080007e0                VectorB4
 *fill*         0x00000000080007f4        0xc 
 .text.VectorB0
                0x0000000008000800       0x14 /tmp/cclfTxac.ltrans0.ltrans.o
                0x0000000008000800                VectorB0
 *fill*         0x0000000008000814        0xc 
 .text.VectorB8
                0x0000000008000820       0xa4 /tmp/cclfTxac.ltrans0.ltrans.o
                0x0000000008000820                VectorB8
 *fill*         0x00000000080008c4        0xc 
 .text.Vector158
                0x00000000080008d0       0x2c /tmp/cclfTxac.ltrans0.ltrans.o
                0x00000000080008d0                Vector158
 *fill*         0x00000000080008fc        0x4 
 .text.Vector154
                0x0000000008000900       0x2c /tmp/cclfTxac.ltrans0.ltrans.o
                0x0000000008000900                Vector154
 *fill*         0x000000000800092c        0x4 
 .text.Vector150
                0x0000000008000930       0x2c /tmp/cclfTxac.ltrans0.ltrans.o
                0x0000000008000930                Vector150
 *fill*         0x000000000800095c        0x4 
 .text.Vector130
                0x0000000008000960       0x28 /tmp/cclfTxac.ltrans0.ltrans.o
                0x0000000008000960                Vector130
 *fill*         0x0000000008000988        0x8 
 .text.Vector12C
                0x0000000008000990       0x2c /tmp/cclfTxac.ltrans0.ltrans.o
                0x0000000008000990                Vector12C
 *fill*         0x00000000080009bc        0x4 
 .text.Vector128
                0x00000000080009c0       0x2c /tmp/cclfTxac.ltrans0.ltrans.o
                0x00000000080009c0                Vector128
 *fill*         0x00000000080009ec        0x4 
 .text.Vector124
                0x00000000080009f0       0x2c /tmp/cclfTxac.ltrans0.ltrans.o
                0x00000000080009f0                Vector124
 *fill*         0x0000000008000a1c        0x4 
 .text.Vector120
                0x0000000008000a20       0x28 /tmp/cclfTxac.ltrans0.ltrans.o
                0x0000000008000a20                Vector120
 *fill*         0x0000000008000a48        0x8 
 .text.VectorFC
                0x0000000008000a50       0x2c /tmp/cclfTxac.ltrans0.ltrans.o
                0x0000000008000a50                VectorFC
 *fill*         0x0000000008000a7c        0x4 
 .text.Vector84
                0x0000000008000a80       0x2c /tmp/cclfTxac.ltrans0.ltrans.o
                0x0000000008000a80                Vector84
 *fill*         0x0000000008000aac        0x4 
 .text.Vector80
                0x0000000008000ab0       0x2c /tmp/cclfTxac.ltrans0.ltrans.o
                0x0000000008000ab0                Vector80
 *fill*         0x0000000008000adc        0x4 
 .text.Vector7C
                0x0000000008000ae0       0x28 /tmp/cclfTxac.ltrans0.ltrans.o
                0x0000000008000ae0                Vector7C
 *fill*         0x0000000008000b08        0x8 
 .text.Vector78
                0x0000000008000b10       0x2c /tmp/cclfTxac.ltrans0.ltrans.o
                0x0000000008000b10                Vector78
 *fill*         0x0000000008000b3c        0x4 
 .text.Vector74
                0x0000000008000b40       0x2c /tmp/cclfTxac.ltrans0.ltrans.o
                0x0000000008000b40                Vector74
 *fill*         0x0000000008000b6c        0x4 
 .text.Vector70
                0x0000000008000b70       0x2c /tmp/cclfTxac.ltrans0.ltrans.o
                0x0000000008000b70                Vector70
 *fill*         0x0000000008000b9c        0x4 
 .text.Vector6C
                0x0000000008000ba0       0x28 /tmp/cclfTxac.ltrans0.ltrans.o
                0x0000000008000ba0                Vector6C
 *fill*         0x0000000008000bc8        0x8 
 .text.chTMStopMeasurementX
                0x0000000008000bd0       0x44 /tmp/cclfTxac.ltrans0.ltrans.o
                0x0000000008000bd0                chTMStopMeasurementX
 *fill*         0x0000000008000c14        0xc 
 .text.chSchDoReschedule
                0x0000000008000c20       0x3c /tmp/cclfTxac.ltrans0.ltrans.o
                0x0000000008000c20                chSchDoReschedule
 *fill*         0x0000000008000c5c        0x4 
 .text.chSchGoSleepS
                0x0000000008000c60       0x24 /tmp/cclfTxac.ltrans0.ltrans.o
                0x0000000008000c60                chSchGoSleepS
 *fill*         0x0000000008000c84        0xc 
 .text.chSchGoSleepTimeoutS
                0x0000000008000c90      0x158 /tmp/cclfTxac.ltrans0.ltrans.o
                0x0000000008000c90                chSchGoSleepTimeoutS
 *fill*         0x0000000008000de8        0x8 
 .text.chThdEnqueueTimeoutS
                0x0000000008000df0       0x28 /tmp/cclfTxac.ltrans0.ltrans.o
 *fill*         0x0000000008000e18        0x8 
 .text.chOQWriteTimeout
                0x0000000008000e20       0x88 /tmp/cclfTxac.ltrans0.ltrans.o
 *fill*         0x0000000008000ea8        0x8 
 .text.writet.lto_priv.42
                0x0000000008000eb0        0x8 /tmp/cclfTxac.ltrans0.ltrans.o
                0x0000000008000eb0                writet.lto_priv.42
 *fill*         0x0000000008000eb8        0x8 
 .text.write.lto_priv.36
                0x0000000008000ec0        0xc /tmp/cclfTxac.ltrans0.ltrans.o
                0x0000000008000ec0                write.lto_priv.36
 *fill*         0x0000000008000ecc        0x4 
 .text.chOQPutTimeout
                0x0000000008000ed0       0x54 /tmp/cclfTxac.ltrans0.ltrans.o
 *fill*         0x0000000008000f24        0xc 
 .text.putt.lto_priv.40
                0x0000000008000f30        0x8 /tmp/cclfTxac.ltrans0.ltrans.o
                0x0000000008000f30                putt.lto_priv.40
 *fill*         0x0000000008000f38        0x8 
 .text.put.lto_priv.38
                0x0000000008000f40        0xc /tmp/cclfTxac.ltrans0.ltrans.o
                0x0000000008000f40                put.lto_priv.38
 *fill*         0x0000000008000f4c        0x4 
 .text.chIQReadTimeout
                0x0000000008000f50       0x78 /tmp/cclfTxac.ltrans0.ltrans.o
 *fill*         0x0000000008000fc8        0x8 
 .text.readt.lto_priv.43
                0x0000000008000fd0        0x8 /tmp/cclfTxac.ltrans0.ltrans.o
                0x0000000008000fd0                readt.lto_priv.43
 *fill*         0x0000000008000fd8        0x8 
 .text.read.lto_priv.37
                0x0000000008000fe0        0xc /tmp/cclfTxac.ltrans0.ltrans.o
                0x0000000008000fe0                read.lto_priv.37
 *fill*         0x0000000008000fec        0x4 
 .text.chIQGetTimeout
                0x0000000008000ff0       0x50 /tmp/cclfTxac.ltrans0.ltrans.o
 .text.gett.lto_priv.41
                0x0000000008001040        0x8 /tmp/cclfTxac.ltrans0.ltrans.o
                0x0000000008001040                gett.lto_priv.41
 *fill*         0x0000000008001048        0x8 
 .text.get.lto_priv.39
                0x0000000008001050        0xc /tmp/cclfTxac.ltrans0.ltrans.o
                0x0000000008001050                get.lto_priv.39
 *fill*         0x000000000800105c        0x4 
 .text.chSchReadyI
                0x0000000008001060       0x28 /tmp/cclfTxac.ltrans0.ltrans.o
                0x0000000008001060                chSchReadyI
 *fill*         0x0000000008001088        0x8 
 .text.Vector88
                0x0000000008001090       0x94 /tmp/cclfTxac.ltrans0.ltrans.o
                0x0000000008001090                Vector88
 *fill*         0x0000000008001124        0xc 
 .text.adc_lld_serve_rx_interrupt.lto_priv.44
                0x0000000008001130      0x12c /tmp/cclfTxac.ltrans0.ltrans.o
                0x0000000008001130                adc_lld_serve_rx_interrupt.lto_priv.44
 *fill*         0x000000000800125c        0x4 
 .text.chThdExit
                0x0000000008001260       0x48 /tmp/cclfTxac.ltrans0.ltrans.o
                0x0000000008001260                chThdExit
 *fill*         0x00000000080012a8        0x8 
 .text._unhandled_exception
                0x00000000080012b0        0x4 /tmp/cclfTxac.ltrans0.ltrans.o
                0x00000000080012b0                Vector58
                0x00000000080012b0                VectorE8
                0x00000000080012b0                Vector9C
                0x00000000080012b0                DebugMon_Handler
                0x00000000080012b0                Vector1A0
                0x00000000080012b0                Vector5C
                0x00000000080012b0                Vector11C
                0x00000000080012b0                HardFault_Handler
                0x00000000080012b0                Vector1B8
                0x00000000080012b0                Vector19C
                0x00000000080012b0                Vector8C
                0x00000000080012b0                SysTick_Handler
                0x00000000080012b0                VectorDC
                0x00000000080012b0                PendSV_Handler
                0x00000000080012b0                Vector168
                0x00000000080012b0                NMI_Handler
                0x00000000080012b0                Vector110
                0x00000000080012b0                VectorC8
                0x00000000080012b0                Vector94
                0x00000000080012b0                VectorA8
                0x00000000080012b0                Vector160
                0x00000000080012b0                Vector1B0
                0x00000000080012b0                UsageFault_Handler
                0x00000000080012b0                VectorEC
                0x00000000080012b0                Vector40
                0x00000000080012b0                VectorF8
                0x00000000080012b0                VectorBC
                0x00000000080012b0                Vector190
                0x00000000080012b0                Vector148
                0x00000000080012b0                Vector188
                0x00000000080012b0                Vector198
                0x00000000080012b0                Vector118
                0x00000000080012b0                Vector64
                0x00000000080012b0                VectorCC
                0x00000000080012b0                Vector54
                0x00000000080012b0                Vector98
                0x00000000080012b0                VectorD8
                0x00000000080012b0                Vector138
                0x00000000080012b0                Vector24
                0x00000000080012b0                Vector1AC
                0x00000000080012b0                Vector178
                0x00000000080012b0                Vector1A4
                0x00000000080012b0                VectorD0
                0x00000000080012b0                Vector1B4
                0x00000000080012b0                Vector140
                0x00000000080012b0                VectorE4
                0x00000000080012b0                VectorC0
                0x00000000080012b0                Vector134
                0x00000000080012b0                VectorF0
                0x00000000080012b0                Vector13C
                0x00000000080012b0                Vector100
                0x00000000080012b0                VectorE0
                0x00000000080012b0                VectorF4
                0x00000000080012b0                MemManage_Handler
                0x00000000080012b0                VectorA0
                0x00000000080012b0                VectorC4
                0x00000000080012b0                Vector180
                0x00000000080012b0                Vector90
                0x00000000080012b0                Vector114
                0x00000000080012b0                Vector164
                0x00000000080012b0                Vector60
                0x00000000080012b0                Vector1C
                0x00000000080012b0                Vector1BC
                0x00000000080012b0                Vector17C
                0x00000000080012b0                Vector48
                0x00000000080012b0                Vector1A8
                0x00000000080012b0                Vector16C
                0x00000000080012b0                Vector4C
                0x00000000080012b0                Vector144
                0x00000000080012b0                Vector15C
                0x00000000080012b0                Vector68
                0x00000000080012b0                _unhandled_exception
                0x00000000080012b0                Vector170
                0x00000000080012b0                Vector104
                0x00000000080012b0                Vector184
                0x00000000080012b0                Vector10C
                0x00000000080012b0                Vector14C
                0x00000000080012b0                BusFault_Handler
                0x00000000080012b0                Vector50
                0x00000000080012b0                Vector194
                0x00000000080012b0                Vector44
                0x00000000080012b0                Vector28
                0x00000000080012b0                Vector34
                0x00000000080012b0                Vector20
                0x00000000080012b0                Vector18C
                0x00000000080012b0                Vector174
 *fill*         0x00000000080012b4        0xc 
 .text.__init_ram_areas
                0x00000000080012c0       0x64 /tmp/cclfTxac.ltrans0.ltrans.o
                0x00000000080012c0                __init_ram_areas
 *fill*         0x0000000008001324        0xc 
 .text.__default_exit
                0x0000000008001330        0x4 /tmp/cclfTxac.ltrans0.ltrans.o
                0x0000000008001330                __default_exit
 *fill*         0x0000000008001334        0xc 
 .text.__late_init
                0x0000000008001340        0x4 /tmp/cclfTxac.ltrans0.ltrans.o
                0x0000000008001340                __late_init
 *fill*         0x0000000008001344        0xc 
 .text.__core_init
                0x0000000008001350        0x4 /tmp/cclfTxac.ltrans0.ltrans.o
                0x0000000008001350                __core_init
 *fill*         0x0000000008001354        0xc 
 .text.notify1.lto_priv.35
                0x0000000008001360       0x10 /tmp/cclfTxac.ltrans1.ltrans.o
                0x0000000008001360                notify1.lto_priv.35
 .text.VectorAC
                0x0000000008001370        0x4 /tmp/cclfTxac.ltrans1.ltrans.o
 *fill*         0x0000000008001374        0xc 
 .text.VectorD4
                0x0000000008001380      0x1b0 /tmp/cclfTxac.ltrans1.ltrans.o
 .text.startup.main
                0x0000000008001530      0x8f4 /tmp/cclfTxac.ltrans1.ltrans.o
                0x0000000008001530                main
 *fill*         0x0000000008001e24        0xc 
 .text.__early_init
                0x0000000008001e30       0xb0 /tmp/cclfTxac.ltrans1.ltrans.o
                0x0000000008001e30                __early_init
 .text.encoder_pulse_captured
                0x0000000008001ee0       0xc8 /tmp/cclfTxac.ltrans2.ltrans.o
                0x0000000008001ee0                encoder_pulse_captured
 *fill*         0x0000000008001fa8        0x8 
 .text.chprintf.constprop.0
                0x0000000008001fb0      0x3c4 /tmp/cclfTxac.ltrans2.ltrans.o
 *fill*         0x0000000008002374        0xc 
 .text.SensorThread
                0x0000000008002380      0x124 /tmp/cclfTxac.ltrans2.ltrans.o
                0x0000000008002380                SensorThread
 *fill*         0x00000000080024a4        0xc 
 .text.chSchWakeupS.constprop.34
                0x00000000080024b0       0x58 /tmp/cclfTxac.ltrans2.ltrans.o
                0x00000000080024b0                chSchWakeupS.constprop.34
 *fill*         0x0000000008002508        0x8 
 .text.chTMStartMeasurementX.constprop.31
                0x0000000008002510        0xc /tmp/cclfTxac.ltrans2.ltrans.o
                0x0000000008002510                chTMStartMeasurementX.constprop.31
 *fill*         0x000000000800251c        0x4 
 .text.chEvtBroadcastFlagsI.constprop.28
                0x0000000008002520       0x64 /tmp/cclfTxac.ltrans2.ltrans.o
                0x0000000008002520                chEvtBroadcastFlagsI.constprop.28
 *fill*         0x0000000008002584        0xc 
 .text.sdObjectInit.constprop.23
                0x0000000008002590       0x60 /tmp/cclfTxac.ltrans2.ltrans.o
                0x0000000008002590                sdObjectInit.constprop.23
 *(.rodata)
 *(.rodata.*)
 .rodata.ram_areas
                0x00000000080025f0       0x80 /tmp/cclfTxac.ltrans0.ltrans.o
 .rodata._stm32_dma_streams
                0x0000000008002670       0xc0 /tmp/cclfTxac.ltrans1.ltrans.o
 .rodata.ch_debug
                0x0000000008002730       0x16 /tmp/cclfTxac.ltrans1.ltrans.o
 *fill*         0x0000000008002746        0xa 
 .rodata.icucfgA
                0x0000000008002750       0x1c /tmp/cclfTxac.ltrans1.ltrans.o
 *fill*         0x000000000800276c        0x4 
 .rodata.icucfgB
                0x0000000008002770       0x1c /tmp/cclfTxac.ltrans1.ltrans.o
 *fill*         0x000000000800278c        0x4 
 .rodata.icucfgC
                0x0000000008002790       0x1c /tmp/cclfTxac.ltrans1.ltrans.o
 *fill*         0x00000000080027ac        0x4 
 .rodata.main.str1.4
                0x00000000080027b0        0x5 /tmp/cclfTxac.ltrans1.ltrans.o
 *fill*         0x00000000080027b5        0xb 
 .rodata.SensorThread.str1.4
                0x00000000080027c0        0x7 /tmp/cclfTxac.ltrans2.ltrans.o
 *fill*         0x00000000080027c7        0x9 
 .rodata.chprintf.constprop.0.str1.4
                0x00000000080027d0        0x8 /tmp/cclfTxac.ltrans2.ltrans.o
                                          0x7 (size before relaxing)
 *fill*         0x00000000080027d8        0x8 
 .rodata.line_sensors_cfg1
                0x00000000080027e0       0x28 /tmp/cclfTxac.ltrans2.ltrans.o
 *fill*         0x0000000008002808        0x8 
 .rodata.vmt    0x0000000008002810       0x20 /tmp/cclfTxac.ltrans2.ltrans.o
 *(.glue_7t)
 .glue_7t       0x0000000008002830        0x0 linker stubs
 *(.glue_7)
 .glue_7        0x0000000008002830        0x0 linker stubs
 *(.gcc*)

.vfp11_veneer   0x0000000008002830        0x0
 .vfp11_veneer  0x0000000008002830        0x0 linker stubs

.v4_bx          0x0000000008002830        0x0
 .v4_bx         0x0000000008002830        0x0 linker stubs

.iplt           0x0000000008002830        0x0
 .iplt          0x0000000008002830        0x0 build/obj/crt0_v7m.o

.rel.dyn        0x0000000008002830        0x0
 .rel.iplt      0x0000000008002830        0x0 build/obj/crt0_v7m.o

.ARM.extab
 *(.ARM.extab* .gnu.linkonce.armextab.*)

.ARM.exidx      0x0000000008002830        0x0
                0x0000000008002830                __exidx_start = .
 *(.ARM.exidx* .gnu.linkonce.armexidx.*)
                0x0000000008002830                __exidx_end = .

.eh_frame_hdr
 *(.eh_frame_hdr)

.eh_frame
 *(.eh_frame)

.textalign      0x0000000008002830        0x0
                0x0000000008002830                . = ALIGN (0x8)
                0x0000000008002830                . = ALIGN (0x4)
                [!provide]                        PROVIDE (_etext, .)

.mstack         0x0000000020000000      0x400
                0x0000000020000000                . = ALIGN (0x8)
                0x0000000020000000                __main_stack_base__ = .
                0x0000000020000400                . = (. + __main_stack_size__)
 *fill*         0x0000000020000000      0x400 
                0x0000000020000400                . = ALIGN (0x8)
                0x0000000020000400                __main_stack_end__ = .

.pstack         0x0000000020000400      0x400
                0x0000000020000400                __process_stack_base__ = .
                0x0000000020000400                __main_thread_stack_base__ = .
                0x0000000020000800                . = (. + __process_stack_size__)
 *fill*         0x0000000020000400      0x400 
                0x0000000020000800                . = ALIGN (0x8)
                0x0000000020000800                __process_stack_end__ = .
                0x0000000020000800                __main_thread_stack_end__ = .

.data           0x0000000020000800       0x38 load address 0x0000000008002830
                0x0000000020000800                . = ALIGN (0x4)
                [!provide]                        PROVIDE (_textdata, LOADADDR (.data))
                [!provide]                        PROVIDE (_data, .)
                0x0000000008002830                _textdata_start = LOADADDR (.data)
                0x0000000020000800                _data_start = .
 *(.data)
 *(.data.*)
 .data.pwmcfg   0x0000000020000800       0x34 /tmp/cclfTxac.ltrans1.ltrans.o
 .data.main_timer
                0x0000000020000834        0x3 /tmp/cclfTxac.ltrans2.ltrans.o
 *(.ramtext)
                0x0000000020000838                . = ALIGN (0x4)
 *fill*         0x0000000020000837        0x1 
                [!provide]                        PROVIDE (_edata, .)
                0x0000000020000838                _data_end = .

.igot.plt       0x0000000020000838        0x0 load address 0x0000000008002868
 .igot.plt      0x0000000020000838        0x0 build/obj/crt0_v7m.o

.bss            0x0000000020000838      0x5e8 load address 0x0000000008002868
                0x0000000020000838                . = ALIGN (0x4)
                0x0000000020000838                _bss_start = .
 *(.bss)
 *(.bss.*)
 .bss.default_heap
                0x0000000020000838       0x20 /tmp/cclfTxac.ltrans1.ltrans.o
 .bss.dma_isr_redir.lto_priv.46
                0x0000000020000858       0x80 /tmp/cclfTxac.ltrans1.ltrans.o
                0x0000000020000858                dma_isr_redir.lto_priv.46
 .bss.dma_streams_mask
                0x00000000200008d8        0x4 /tmp/cclfTxac.ltrans1.ltrans.o
 .bss.endmem.lto_priv.47
                0x00000000200008dc        0x4 /tmp/cclfTxac.ltrans1.ltrans.o
                0x00000000200008dc                endmem.lto_priv.47
 .bss.nextmem.lto_priv.48
                0x00000000200008e0        0x4 /tmp/cclfTxac.ltrans1.ltrans.o
                0x00000000200008e0                nextmem.lto_priv.48
 *fill*         0x00000000200008e4        0x4 
 .bss.waSensorThread
                0x00000000200008e8      0x2c8 /tmp/cclfTxac.ltrans1.ltrans.o
 .bss.ADCD1     0x0000000020000bb0       0x34 /tmp/cclfTxac.ltrans2.ltrans.o
                0x0000000020000bb0                ADCD1
 .bss.ICUD2     0x0000000020000be4       0x18 /tmp/cclfTxac.ltrans2.ltrans.o
                0x0000000020000be4                ICUD2
 .bss.ICUD3     0x0000000020000bfc       0x18 /tmp/cclfTxac.ltrans2.ltrans.o
                0x0000000020000bfc                ICUD3
 .bss.ICUD5     0x0000000020000c14       0x18 /tmp/cclfTxac.ltrans2.ltrans.o
                0x0000000020000c14                ICUD5
 .bss.PWMD1     0x0000000020000c2c       0x1c /tmp/cclfTxac.ltrans2.ltrans.o
                0x0000000020000c2c                PWMD1
 .bss.SD1       0x0000000020000c48       0x78 /tmp/cclfTxac.ltrans2.ltrans.o
                0x0000000020000c48                SD1
 .bss.ch        0x0000000020000cc0      0x150 /tmp/cclfTxac.ltrans2.ltrans.o
                0x0000000020000cc0                ch
 .bss.motor_actual_speeds
                0x0000000020000e10        0x6 /tmp/cclfTxac.ltrans2.ltrans.o
 *fill*         0x0000000020000e16        0x2 
 .bss.rotations_per_sec
                0x0000000020000e18        0x6 /tmp/cclfTxac.ltrans2.ltrans.o
 *(COMMON)
                0x0000000020000e20                . = ALIGN (0x4)
 *fill*         0x0000000020000e1e        0x2 
                0x0000000020000e20                _bss_end = .
                [!provide]                        PROVIDE (end, .)

.ram0_init      0x0000000020000e20        0x0 load address 0x0000000008002868
                0x0000000020000e20                . = ALIGN (0x4)
                0x0000000008002868                __ram0_init_text__ = LOADADDR (.ram0_init)
                0x0000000020000e20                __ram0_init__ = .
 *(.ram0_init)
 *(.ram0_init.*)
                0x0000000020000e20                . = ALIGN (0x4)

.ram0           0x0000000020000e20        0x0 load address 0x0000000008002868
                0x0000000020000e20                . = ALIGN (0x4)
                0x0000000020000e20                __ram0_clear__ = .
 *(.ram0_clear)
 *(.ram0_clear.*)
                0x0000000020000e20                . = ALIGN (0x4)
                0x0000000020000e20                __ram0_noinit__ = .
 *(.ram0)
 *(.ram0.*)
                0x0000000020000e20                . = ALIGN (0x4)
                0x0000000020000e20                __ram0_free__ = .

.ram1_init      0x0000000000000000        0x0 load address 0x0000000008002868
                0x0000000000000000                . = ALIGN (0x4)
                0x0000000008002868                __ram1_init_text__ = LOADADDR (.ram1_init)
                0x0000000000000000                __ram1_init__ = .
 *(.ram1_init)
 *(.ram1_init.*)
                0x0000000000000000                . = ALIGN (0x4)

.ram1           0x0000000000000000        0x0 load address 0x0000000008002868
                0x0000000000000000                . = ALIGN (0x4)
                0x0000000000000000                __ram1_clear__ = .
 *(.ram1_clear)
 *(.ram1_clear.*)
                0x0000000000000000                . = ALIGN (0x4)
                0x0000000000000000                __ram1_noinit__ = .
 *(.ram1)
 *(.ram1.*)
                0x0000000000000000                . = ALIGN (0x4)
                0x0000000000000000                __ram1_free__ = .

.ram2_init      0x0000000000000000        0x0 load address 0x0000000008002868
                0x0000000000000000                . = ALIGN (0x4)
                0x0000000008002868                __ram2_init_text__ = LOADADDR (.ram2_init)
                0x0000000000000000                __ram2_init__ = .
 *(.ram2_init)
 *(.ram2_init.*)
                0x0000000000000000                . = ALIGN (0x4)

.ram2           0x0000000000000000        0x0 load address 0x0000000008002868
                0x0000000000000000                . = ALIGN (0x4)
                0x0000000000000000                __ram2_clear__ = .
 *(.ram2_clear)
 *(.ram2_clear.*)
                0x0000000000000000                . = ALIGN (0x4)
                0x0000000000000000                __ram2_noinit__ = .
 *(.ram2)
 *(.ram2.*)
                0x0000000000000000                . = ALIGN (0x4)
                0x0000000000000000                __ram2_free__ = .

.ram3_init      0x0000000000000000        0x0 load address 0x0000000008002868
                0x0000000000000000                . = ALIGN (0x4)
                0x0000000008002868                __ram3_init_text__ = LOADADDR (.ram3_init)
                0x0000000000000000                __ram3_init__ = .
 *(.ram3_init)
 *(.ram3_init.*)
                0x0000000000000000                . = ALIGN (0x4)

.ram3           0x0000000000000000        0x0 load address 0x0000000008002868
                0x0000000000000000                . = ALIGN (0x4)
                0x0000000000000000                __ram3_clear__ = .
 *(.ram3_clear)
 *(.ram3_clear.*)
                0x0000000000000000                . = ALIGN (0x4)
                0x0000000000000000                __ram3_noinit__ = .
 *(.ram3)
 *(.ram3.*)
                0x0000000000000000                . = ALIGN (0x4)
                0x0000000000000000                __ram3_free__ = .

.ram4_init      0x0000000000000000        0x0 load address 0x0000000008002868
                0x0000000000000000                . = ALIGN (0x4)
                0x0000000008002868                __ram4_init_text__ = LOADADDR (.ram4_init)
                0x0000000000000000                __ram4_init__ = .
 *(.ram4_init)
 *(.ram4_init.*)
                0x0000000000000000                . = ALIGN (0x4)

.ram4           0x0000000000000000        0x0 load address 0x0000000008002868
                0x0000000000000000                . = ALIGN (0x4)
                0x0000000000000000                __ram4_clear__ = .
 *(.ram4_clear)
 *(.ram4_clear.*)
                0x0000000000000000                . = ALIGN (0x4)
                0x0000000000000000                __ram4_noinit__ = .
 *(.ram4)
 *(.ram4.*)
                0x0000000000000000                . = ALIGN (0x4)
                0x0000000000000000                __ram4_free__ = .

.ram5_init      0x0000000000000000        0x0 load address 0x0000000008002868
                0x0000000000000000                . = ALIGN (0x4)
                0x0000000008002868                __ram5_init_text__ = LOADADDR (.ram5_init)
                0x0000000000000000                __ram5_init__ = .
 *(.ram5_init)
 *(.ram5_init.*)
                0x0000000000000000                . = ALIGN (0x4)

.ram5           0x0000000000000000        0x0 load address 0x0000000008002868
                0x0000000000000000                . = ALIGN (0x4)
                0x0000000000000000                __ram5_clear__ = .
 *(.ram5_clear)
 *(.ram5_clear.*)
                0x0000000000000000                . = ALIGN (0x4)
                0x0000000000000000                __ram5_noinit__ = .
 *(.ram5)
 *(.ram5.*)
                0x0000000000000000                . = ALIGN (0x4)
                0x0000000000000000                __ram5_free__ = .

.ram6_init      0x0000000000000000        0x0 load address 0x0000000008002868
                0x0000000000000000                . = ALIGN (0x4)
                0x0000000008002868                __ram6_init_text__ = LOADADDR (.ram6_init)
                0x0000000000000000                __ram6_init__ = .
 *(.ram6_init)
 *(.ram6_init.*)
                0x0000000000000000                . = ALIGN (0x4)

.ram6           0x0000000000000000        0x0 load address 0x0000000008002868
                0x0000000000000000                . = ALIGN (0x4)
                0x0000000000000000                __ram6_clear__ = .
 *(.ram6_clear)
 *(.ram6_clear.*)
                0x0000000000000000                . = ALIGN (0x4)
                0x0000000000000000                __ram6_noinit__ = .
 *(.ram6)
 *(.ram6.*)
                0x0000000000000000                . = ALIGN (0x4)
                0x0000000000000000                __ram6_free__ = .

.ram7_init      0x0000000000000000        0x0 load address 0x0000000008002868
                0x0000000000000000                . = ALIGN (0x4)
                0x0000000008002868                __ram7_init_text__ = LOADADDR (.ram7_init)
                0x0000000000000000                __ram7_init__ = .
 *(.ram7_init)
 *(.ram7_init.*)
                0x0000000000000000                . = ALIGN (0x4)

.ram7           0x0000000000000000        0x0 load address 0x0000000008002868
                0x0000000000000000                . = ALIGN (0x4)
                0x0000000000000000                __ram7_clear__ = .
 *(.ram7_clear)
 *(.ram7_clear.*)
                0x0000000000000000                . = ALIGN (0x4)
                0x0000000000000000                __ram7_noinit__ = .
 *(.ram7)
 *(.ram7.*)
                0x0000000000000000                . = ALIGN (0x4)
                0x0000000000000000                __ram7_free__ = .

.heap           0x0000000020000e20    0x1f1e0
                0x0000000020000e20                . = ALIGN (0x8)
                0x0000000020000e20                __heap_base__ = .
                0x0000000020020000                . = (ORIGIN (HEAP_RAM) + LENGTH (HEAP_RAM))
 *fill*         0x0000000020000e20    0x1f1e0 
                0x0000000020020000                __heap_end__ = .
                0x0000000000000400                __process_stack_size__ = 0x400
                0x0000000000000400                __main_stack_size__ = 0x400
START GROUP
LOAD /usr/lib/gcc/arm-none-eabi/6.3.1/thumb/v7e-m/libgcc.a
LOAD /usr/lib/gcc/arm-none-eabi/6.3.1/../../../arm-none-eabi/lib/libg.a
LOAD /usr/lib/gcc/arm-none-eabi/6.3.1/../../../arm-none-eabi/lib/libc.a
END GROUP
OUTPUT(build/ch.elf elf32-littlearm)

.ARM.attributes
                0x0000000000000000       0x2d
 .ARM.attributes
                0x0000000000000000       0x21 build/obj/crt0_v7m.o
 .ARM.attributes
                0x0000000000000021       0x21 build/obj/chcoreasm_v7m.o
 .ARM.attributes
                0x0000000000000042       0x31 /tmp/cclfTxac.ltrans0.ltrans.o
 .ARM.attributes
                0x0000000000000073       0x31 /tmp/cclfTxac.ltrans1.ltrans.o
 .ARM.attributes
                0x00000000000000a4       0x31 /tmp/cclfTxac.ltrans2.ltrans.o

.comment        0x0000000000000000       0x31
 .comment       0x0000000000000000       0x31 /tmp/cclfTxac.ltrans0.ltrans.o
                                         0x32 (size before relaxing)
 .comment       0x0000000000000031       0x32 /tmp/cclfTxac.ltrans1.ltrans.o
 .comment       0x0000000000000031       0x32 /tmp/cclfTxac.ltrans2.ltrans.o

.debug_info     0x0000000000000000     0x988a
 .debug_info    0x0000000000000000     0x3bbf /tmp/cclfTxac.ltrans0.ltrans.o
 .debug_info    0x0000000000003bbf     0x39ef /tmp/cclfTxac.ltrans1.ltrans.o
 .debug_info    0x00000000000075ae     0x22dc /tmp/cclfTxac.ltrans2.ltrans.o

.debug_abbrev   0x0000000000000000     0x102f
 .debug_abbrev  0x0000000000000000      0x6d9 /tmp/cclfTxac.ltrans0.ltrans.o
 .debug_abbrev  0x00000000000006d9      0x4b6 /tmp/cclfTxac.ltrans1.ltrans.o
 .debug_abbrev  0x0000000000000b8f      0x4a0 /tmp/cclfTxac.ltrans2.ltrans.o

.debug_loc      0x0000000000000000     0x3392
 .debug_loc     0x0000000000000000     0x1984 /tmp/cclfTxac.ltrans0.ltrans.o
 .debug_loc     0x0000000000001984      0xace /tmp/cclfTxac.ltrans1.ltrans.o
 .debug_loc     0x0000000000002452      0xf40 /tmp/cclfTxac.ltrans2.ltrans.o

.debug_aranges  0x0000000000000000      0x268
 .debug_aranges
                0x0000000000000000      0x1e0 /tmp/cclfTxac.ltrans0.ltrans.o
 .debug_aranges
                0x00000000000001e0       0x38 /tmp/cclfTxac.ltrans1.ltrans.o
 .debug_aranges
                0x0000000000000218       0x50 /tmp/cclfTxac.ltrans2.ltrans.o

.debug_ranges   0x0000000000000000     0x1430
 .debug_ranges  0x0000000000000000      0x690 /tmp/cclfTxac.ltrans0.ltrans.o
 .debug_ranges  0x0000000000000690      0xad8 /tmp/cclfTxac.ltrans1.ltrans.o
 .debug_ranges  0x0000000000001168      0x2c8 /tmp/cclfTxac.ltrans2.ltrans.o

.debug_line     0x0000000000000000     0x28a5
 .debug_line    0x0000000000000000     0x1183 /tmp/cclfTxac.ltrans0.ltrans.o
 .debug_line    0x0000000000001183      0xebc /tmp/cclfTxac.ltrans1.ltrans.o
 .debug_line    0x000000000000203f      0x866 /tmp/cclfTxac.ltrans2.ltrans.o

.debug_str      0x0000000000000000     0x1e44
 .debug_str     0x0000000000000000     0x10ee /tmp/cclfTxac.ltrans0.ltrans.o
                                       0x11a1 (size before relaxing)
 .debug_str     0x00000000000010ee      0x8e4 /tmp/cclfTxac.ltrans1.ltrans.o
                                       0x12fd (size before relaxing)
 .debug_str     0x00000000000019d2      0x472 /tmp/cclfTxac.ltrans2.ltrans.o
                                        0xf89 (size before relaxing)

.debug_frame    0x0000000000000000      0x858
 .debug_frame   0x0000000000000000      0x6a4 /tmp/cclfTxac.ltrans0.ltrans.o
 .debug_frame   0x00000000000006a4       0x94 /tmp/cclfTxac.ltrans1.ltrans.o
 .debug_frame   0x0000000000000738      0x120 /tmp/cclfTxac.ltrans2.ltrans.o

Cross Reference Table

Symbol                                            File
ADCD1                                             /tmp/cclfTxac.ltrans2.ltrans.o
                                                  build/obj/adc_lld.o (symbol from plugin)
                                                  /tmp/cclfTxac.ltrans1.ltrans.o
                                                  /tmp/cclfTxac.ltrans0.ltrans.o
                                                  build/obj/analog.o (symbol from plugin)
                                                  build/obj/config.o (symbol from plugin)
BusFault_Handler                                  /tmp/cclfTxac.ltrans0.ltrans.o
                                                  build/obj/vectors.o (symbol from plugin)
                                                  /tmp/cclfTxac.ltrans1.ltrans.o
DebugMon_Handler                                  /tmp/cclfTxac.ltrans0.ltrans.o
                                                  build/obj/vectors.o (symbol from plugin)
                                                  /tmp/cclfTxac.ltrans1.ltrans.o
HardFault_Handler                                 /tmp/cclfTxac.ltrans0.ltrans.o
                                                  build/obj/vectors.o (symbol from plugin)
                                                  /tmp/cclfTxac.ltrans1.ltrans.o
ICUD2                                             /tmp/cclfTxac.ltrans2.ltrans.o
                                                  build/obj/icu_lld.o (symbol from plugin)
                                                  /tmp/cclfTxac.ltrans1.ltrans.o
                                                  /tmp/cclfTxac.ltrans0.ltrans.o
                                                  build/obj/motor.o (symbol from plugin)
                                                  build/obj/config.o (symbol from plugin)
ICUD3                                             /tmp/cclfTxac.ltrans2.ltrans.o
                                                  build/obj/icu_lld.o (symbol from plugin)
                                                  /tmp/cclfTxac.ltrans1.ltrans.o
                                                  /tmp/cclfTxac.ltrans0.ltrans.o
                                                  build/obj/motor.o (symbol from plugin)
                                                  build/obj/config.o (symbol from plugin)
ICUD5                                             /tmp/cclfTxac.ltrans2.ltrans.o
                                                  build/obj/icu_lld.o (symbol from plugin)
                                                  /tmp/cclfTxac.ltrans1.ltrans.o
                                                  /tmp/cclfTxac.ltrans0.ltrans.o
                                                  build/obj/motor.o (symbol from plugin)
                                                  build/obj/config.o (symbol from plugin)
MemManage_Handler                                 /tmp/cclfTxac.ltrans0.ltrans.o
                                                  build/obj/vectors.o (symbol from plugin)
                                                  /tmp/cclfTxac.ltrans1.ltrans.o
NMI_Handler                                       /tmp/cclfTxac.ltrans0.ltrans.o
                                                  build/obj/vectors.o (symbol from plugin)
                                                  /tmp/cclfTxac.ltrans1.ltrans.o
PWMD1                                             /tmp/cclfTxac.ltrans2.ltrans.o
                                                  build/obj/pwm_lld.o (symbol from plugin)
                                                  /tmp/cclfTxac.ltrans1.ltrans.o
                                                  /tmp/cclfTxac.ltrans0.ltrans.o
                                                  build/obj/motor.o (symbol from plugin)
                                                  build/obj/config.o (symbol from plugin)
PendSV_Handler                                    /tmp/cclfTxac.ltrans0.ltrans.o
                                                  build/obj/vectors.o (symbol from plugin)
                                                  /tmp/cclfTxac.ltrans1.ltrans.o
Reset_Handler                                     build/obj/crt0_v7m.o
                                                  /tmp/cclfTxac.ltrans1.ltrans.o
                                                  build/obj/vectors.o (symbol from plugin)
SD1                                               /tmp/cclfTxac.ltrans2.ltrans.o
                                                  build/obj/serial_lld.o (symbol from plugin)
                                                  /tmp/cclfTxac.ltrans1.ltrans.o
                                                  build/obj/analog.o (symbol from plugin)
                                                  build/obj/motor.o (symbol from plugin)
                                                  build/obj/config.o (symbol from plugin)
SVC_Handler                                       /tmp/cclfTxac.ltrans0.ltrans.o
                                                  build/obj/chcore_v7m.o (symbol from plugin)
                                                  build/obj/vectors.o (symbol from plugin)
                                                  /tmp/cclfTxac.ltrans1.ltrans.o
SensorThread                                      /tmp/cclfTxac.ltrans2.ltrans.o
                                                  build/obj/analog.o (symbol from plugin)
                                                  /tmp/cclfTxac.ltrans1.ltrans.o
SysTick_Handler                                   /tmp/cclfTxac.ltrans0.ltrans.o
                                                  build/obj/vectors.o (symbol from plugin)
                                                  /tmp/cclfTxac.ltrans1.ltrans.o
SystemCoreClock                                   build/obj/hal_lld.o (symbol from plugin)
TestThread                                        build/obj/test.o (symbol from plugin)
UsageFault_Handler                                /tmp/cclfTxac.ltrans0.ltrans.o
                                                  build/obj/vectors.o (symbol from plugin)
                                                  /tmp/cclfTxac.ltrans1.ltrans.o
Vector100                                         /tmp/cclfTxac.ltrans0.ltrans.o
                                                  build/obj/vectors.o (symbol from plugin)
                                                  /tmp/cclfTxac.ltrans1.ltrans.o
Vector104                                         /tmp/cclfTxac.ltrans0.ltrans.o
                                                  build/obj/vectors.o (symbol from plugin)
                                                  /tmp/cclfTxac.ltrans1.ltrans.o
Vector108                                         /tmp/cclfTxac.ltrans0.ltrans.o
                                                  build/obj/icu_lld.o (symbol from plugin)
                                                  build/obj/vectors.o (symbol from plugin)
                                                  /tmp/cclfTxac.ltrans1.ltrans.o
Vector10C                                         /tmp/cclfTxac.ltrans0.ltrans.o
                                                  build/obj/vectors.o (symbol from plugin)
                                                  /tmp/cclfTxac.ltrans1.ltrans.o
Vector110                                         /tmp/cclfTxac.ltrans0.ltrans.o
                                                  build/obj/vectors.o (symbol from plugin)
                                                  /tmp/cclfTxac.ltrans1.ltrans.o
Vector114                                         /tmp/cclfTxac.ltrans0.ltrans.o
                                                  build/obj/vectors.o (symbol from plugin)
                                                  /tmp/cclfTxac.ltrans1.ltrans.o
Vector118                                         /tmp/cclfTxac.ltrans0.ltrans.o
                                                  build/obj/vectors.o (symbol from plugin)
                                                  /tmp/cclfTxac.ltrans1.ltrans.o
Vector11C                                         /tmp/cclfTxac.ltrans0.ltrans.o
                                                  build/obj/vectors.o (symbol from plugin)
                                                  /tmp/cclfTxac.ltrans1.ltrans.o
Vector120                                         /tmp/cclfTxac.ltrans0.ltrans.o
                                                  build/obj/stm32_dma.o (symbol from plugin)
                                                  build/obj/vectors.o (symbol from plugin)
                                                  /tmp/cclfTxac.ltrans1.ltrans.o
Vector124                                         /tmp/cclfTxac.ltrans0.ltrans.o
                                                  build/obj/stm32_dma.o (symbol from plugin)
                                                  build/obj/vectors.o (symbol from plugin)
                                                  /tmp/cclfTxac.ltrans1.ltrans.o
Vector128                                         /tmp/cclfTxac.ltrans0.ltrans.o
                                                  build/obj/stm32_dma.o (symbol from plugin)
                                                  build/obj/vectors.o (symbol from plugin)
                                                  /tmp/cclfTxac.ltrans1.ltrans.o
Vector12C                                         /tmp/cclfTxac.ltrans0.ltrans.o
                                                  build/obj/stm32_dma.o (symbol from plugin)
                                                  build/obj/vectors.o (symbol from plugin)
                                                  /tmp/cclfTxac.ltrans1.ltrans.o
Vector130                                         /tmp/cclfTxac.ltrans0.ltrans.o
                                                  build/obj/stm32_dma.o (symbol from plugin)
                                                  build/obj/vectors.o (symbol from plugin)
                                                  /tmp/cclfTxac.ltrans1.ltrans.o
Vector134                                         /tmp/cclfTxac.ltrans0.ltrans.o
                                                  build/obj/vectors.o (symbol from plugin)
                                                  /tmp/cclfTxac.ltrans1.ltrans.o
Vector138                                         /tmp/cclfTxac.ltrans0.ltrans.o
                                                  build/obj/vectors.o (symbol from plugin)
                                                  /tmp/cclfTxac.ltrans1.ltrans.o
Vector13C                                         /tmp/cclfTxac.ltrans0.ltrans.o
                                                  build/obj/vectors.o (symbol from plugin)
                                                  /tmp/cclfTxac.ltrans1.ltrans.o
Vector140                                         /tmp/cclfTxac.ltrans0.ltrans.o
                                                  build/obj/vectors.o (symbol from plugin)
                                                  /tmp/cclfTxac.ltrans1.ltrans.o
Vector144                                         /tmp/cclfTxac.ltrans0.ltrans.o
                                                  build/obj/vectors.o (symbol from plugin)
                                                  /tmp/cclfTxac.ltrans1.ltrans.o
Vector148                                         /tmp/cclfTxac.ltrans0.ltrans.o
                                                  build/obj/vectors.o (symbol from plugin)
                                                  /tmp/cclfTxac.ltrans1.ltrans.o
Vector14C                                         /tmp/cclfTxac.ltrans0.ltrans.o
                                                  build/obj/vectors.o (symbol from plugin)
                                                  /tmp/cclfTxac.ltrans1.ltrans.o
Vector150                                         /tmp/cclfTxac.ltrans0.ltrans.o
                                                  build/obj/stm32_dma.o (symbol from plugin)
                                                  build/obj/vectors.o (symbol from plugin)
                                                  /tmp/cclfTxac.ltrans1.ltrans.o
Vector154                                         /tmp/cclfTxac.ltrans0.ltrans.o
                                                  build/obj/stm32_dma.o (symbol from plugin)
                                                  build/obj/vectors.o (symbol from plugin)
                                                  /tmp/cclfTxac.ltrans1.ltrans.o
Vector158                                         /tmp/cclfTxac.ltrans0.ltrans.o
                                                  build/obj/stm32_dma.o (symbol from plugin)
                                                  build/obj/vectors.o (symbol from plugin)
                                                  /tmp/cclfTxac.ltrans1.ltrans.o
Vector15C                                         /tmp/cclfTxac.ltrans0.ltrans.o
                                                  build/obj/vectors.o (symbol from plugin)
                                                  /tmp/cclfTxac.ltrans1.ltrans.o
Vector160                                         /tmp/cclfTxac.ltrans0.ltrans.o
                                                  build/obj/vectors.o (symbol from plugin)
                                                  /tmp/cclfTxac.ltrans1.ltrans.o
Vector164                                         /tmp/cclfTxac.ltrans0.ltrans.o
                                                  build/obj/vectors.o (symbol from plugin)
                                                  /tmp/cclfTxac.ltrans1.ltrans.o
Vector168                                         /tmp/cclfTxac.ltrans0.ltrans.o
                                                  build/obj/vectors.o (symbol from plugin)
                                                  /tmp/cclfTxac.ltrans1.ltrans.o
Vector16C                                         /tmp/cclfTxac.ltrans0.ltrans.o
                                                  build/obj/vectors.o (symbol from plugin)
                                                  /tmp/cclfTxac.ltrans1.ltrans.o
Vector170                                         /tmp/cclfTxac.ltrans0.ltrans.o
                                                  build/obj/vectors.o (symbol from plugin)
                                                  /tmp/cclfTxac.ltrans1.ltrans.o
Vector174                                         /tmp/cclfTxac.ltrans0.ltrans.o
                                                  build/obj/vectors.o (symbol from plugin)
                                                  /tmp/cclfTxac.ltrans1.ltrans.o
Vector178                                         /tmp/cclfTxac.ltrans0.ltrans.o
                                                  build/obj/vectors.o (symbol from plugin)
                                                  /tmp/cclfTxac.ltrans1.ltrans.o
Vector17C                                         /tmp/cclfTxac.ltrans0.ltrans.o
                                                  build/obj/vectors.o (symbol from plugin)
                                                  /tmp/cclfTxac.ltrans1.ltrans.o
Vector180                                         /tmp/cclfTxac.ltrans0.ltrans.o
                                                  build/obj/vectors.o (symbol from plugin)
                                                  /tmp/cclfTxac.ltrans1.ltrans.o
Vector184                                         /tmp/cclfTxac.ltrans0.ltrans.o
                                                  build/obj/vectors.o (symbol from plugin)
                                                  /tmp/cclfTxac.ltrans1.ltrans.o
Vector188                                         /tmp/cclfTxac.ltrans0.ltrans.o
                                                  build/obj/vectors.o (symbol from plugin)
                                                  /tmp/cclfTxac.ltrans1.ltrans.o
Vector18C                                         /tmp/cclfTxac.ltrans0.ltrans.o
                                                  build/obj/vectors.o (symbol from plugin)
                                                  /tmp/cclfTxac.ltrans1.ltrans.o
Vector190                                         /tmp/cclfTxac.ltrans0.ltrans.o
                                                  build/obj/vectors.o (symbol from plugin)
                                                  /tmp/cclfTxac.ltrans1.ltrans.o
Vector194                                         /tmp/cclfTxac.ltrans0.ltrans.o
                                                  build/obj/vectors.o (symbol from plugin)
                                                  /tmp/cclfTxac.ltrans1.ltrans.o
Vector198                                         /tmp/cclfTxac.ltrans0.ltrans.o
                                                  build/obj/vectors.o (symbol from plugin)
                                                  /tmp/cclfTxac.ltrans1.ltrans.o
Vector19C                                         /tmp/cclfTxac.ltrans0.ltrans.o
                                                  build/obj/vectors.o (symbol from plugin)
                                                  /tmp/cclfTxac.ltrans1.ltrans.o
Vector1A0                                         /tmp/cclfTxac.ltrans0.ltrans.o
                                                  build/obj/vectors.o (symbol from plugin)
                                                  /tmp/cclfTxac.ltrans1.ltrans.o
Vector1A4                                         /tmp/cclfTxac.ltrans0.ltrans.o
                                                  build/obj/vectors.o (symbol from plugin)
                                                  /tmp/cclfTxac.ltrans1.ltrans.o
Vector1A8                                         /tmp/cclfTxac.ltrans0.ltrans.o
                                                  build/obj/vectors.o (symbol from plugin)
                                                  /tmp/cclfTxac.ltrans1.ltrans.o
Vector1AC                                         /tmp/cclfTxac.ltrans0.ltrans.o
                                                  build/obj/vectors.o (symbol from plugin)
                                                  /tmp/cclfTxac.ltrans1.ltrans.o
Vector1B0                                         /tmp/cclfTxac.ltrans0.ltrans.o
                                                  build/obj/vectors.o (symbol from plugin)
                                                  /tmp/cclfTxac.ltrans1.ltrans.o
Vector1B4                                         /tmp/cclfTxac.ltrans0.ltrans.o
                                                  build/obj/vectors.o (symbol from plugin)
                                                  /tmp/cclfTxac.ltrans1.ltrans.o
Vector1B8                                         /tmp/cclfTxac.ltrans0.ltrans.o
                                                  build/obj/vectors.o (symbol from plugin)
                                                  /tmp/cclfTxac.ltrans1.ltrans.o
Vector1BC                                         /tmp/cclfTxac.ltrans0.ltrans.o
                                                  build/obj/vectors.o (symbol from plugin)
                                                  /tmp/cclfTxac.ltrans1.ltrans.o
Vector1C                                          /tmp/cclfTxac.ltrans0.ltrans.o
                                                  build/obj/vectors.o (symbol from plugin)
                                                  /tmp/cclfTxac.ltrans1.ltrans.o
Vector20                                          /tmp/cclfTxac.ltrans0.ltrans.o
                                                  build/obj/vectors.o (symbol from plugin)
                                                  /tmp/cclfTxac.ltrans1.ltrans.o
Vector24                                          /tmp/cclfTxac.ltrans0.ltrans.o
                                                  build/obj/vectors.o (symbol from plugin)
                                                  /tmp/cclfTxac.ltrans1.ltrans.o
Vector28                                          /tmp/cclfTxac.ltrans0.ltrans.o
                                                  build/obj/vectors.o (symbol from plugin)
                                                  /tmp/cclfTxac.ltrans1.ltrans.o
Vector34                                          /tmp/cclfTxac.ltrans0.ltrans.o
                                                  build/obj/vectors.o (symbol from plugin)
                                                  /tmp/cclfTxac.ltrans1.ltrans.o
Vector40                                          /tmp/cclfTxac.ltrans0.ltrans.o
                                                  build/obj/vectors.o (symbol from plugin)
                                                  /tmp/cclfTxac.ltrans1.ltrans.o
Vector44                                          /tmp/cclfTxac.ltrans0.ltrans.o
                                                  build/obj/vectors.o (symbol from plugin)
                                                  /tmp/cclfTxac.ltrans1.ltrans.o
Vector48                                          /tmp/cclfTxac.ltrans0.ltrans.o
                                                  build/obj/vectors.o (symbol from plugin)
                                                  /tmp/cclfTxac.ltrans1.ltrans.o
Vector4C                                          /tmp/cclfTxac.ltrans0.ltrans.o
                                                  build/obj/vectors.o (symbol from plugin)
                                                  /tmp/cclfTxac.ltrans1.ltrans.o
Vector50                                          /tmp/cclfTxac.ltrans0.ltrans.o
                                                  build/obj/vectors.o (symbol from plugin)
                                                  /tmp/cclfTxac.ltrans1.ltrans.o
Vector54                                          /tmp/cclfTxac.ltrans0.ltrans.o
                                                  build/obj/vectors.o (symbol from plugin)
                                                  /tmp/cclfTxac.ltrans1.ltrans.o
Vector58                                          /tmp/cclfTxac.ltrans0.ltrans.o
                                                  build/obj/vectors.o (symbol from plugin)
                                                  /tmp/cclfTxac.ltrans1.ltrans.o
Vector5C                                          /tmp/cclfTxac.ltrans0.ltrans.o
                                                  build/obj/vectors.o (symbol from plugin)
                                                  /tmp/cclfTxac.ltrans1.ltrans.o
Vector60                                          /tmp/cclfTxac.ltrans0.ltrans.o
                                                  build/obj/vectors.o (symbol from plugin)
                                                  /tmp/cclfTxac.ltrans1.ltrans.o
Vector64                                          /tmp/cclfTxac.ltrans0.ltrans.o
                                                  build/obj/vectors.o (symbol from plugin)
                                                  /tmp/cclfTxac.ltrans1.ltrans.o
Vector68                                          /tmp/cclfTxac.ltrans0.ltrans.o
                                                  build/obj/vectors.o (symbol from plugin)
                                                  /tmp/cclfTxac.ltrans1.ltrans.o
Vector6C                                          /tmp/cclfTxac.ltrans0.ltrans.o
                                                  build/obj/stm32_dma.o (symbol from plugin)
                                                  build/obj/vectors.o (symbol from plugin)
                                                  /tmp/cclfTxac.ltrans1.ltrans.o
Vector70                                          /tmp/cclfTxac.ltrans0.ltrans.o
                                                  build/obj/stm32_dma.o (symbol from plugin)
                                                  build/obj/vectors.o (symbol from plugin)
                                                  /tmp/cclfTxac.ltrans1.ltrans.o
Vector74                                          /tmp/cclfTxac.ltrans0.ltrans.o
                                                  build/obj/stm32_dma.o (symbol from plugin)
                                                  build/obj/vectors.o (symbol from plugin)
                                                  /tmp/cclfTxac.ltrans1.ltrans.o
Vector78                                          /tmp/cclfTxac.ltrans0.ltrans.o
                                                  build/obj/stm32_dma.o (symbol from plugin)
                                                  build/obj/vectors.o (symbol from plugin)
                                                  /tmp/cclfTxac.ltrans1.ltrans.o
Vector7C                                          /tmp/cclfTxac.ltrans0.ltrans.o
                                                  build/obj/stm32_dma.o (symbol from plugin)
                                                  build/obj/vectors.o (symbol from plugin)
                                                  /tmp/cclfTxac.ltrans1.ltrans.o
Vector80                                          /tmp/cclfTxac.ltrans0.ltrans.o
                                                  build/obj/stm32_dma.o (symbol from plugin)
                                                  build/obj/vectors.o (symbol from plugin)
                                                  /tmp/cclfTxac.ltrans1.ltrans.o
Vector84                                          /tmp/cclfTxac.ltrans0.ltrans.o
                                                  build/obj/stm32_dma.o (symbol from plugin)
                                                  build/obj/vectors.o (symbol from plugin)
                                                  /tmp/cclfTxac.ltrans1.ltrans.o
Vector88                                          /tmp/cclfTxac.ltrans0.ltrans.o
                                                  build/obj/adc_lld.o (symbol from plugin)
                                                  build/obj/vectors.o (symbol from plugin)
                                                  /tmp/cclfTxac.ltrans1.ltrans.o
Vector8C                                          /tmp/cclfTxac.ltrans0.ltrans.o
                                                  build/obj/vectors.o (symbol from plugin)
                                                  /tmp/cclfTxac.ltrans1.ltrans.o
Vector90                                          /tmp/cclfTxac.ltrans0.ltrans.o
                                                  build/obj/vectors.o (symbol from plugin)
                                                  /tmp/cclfTxac.ltrans1.ltrans.o
Vector94                                          /tmp/cclfTxac.ltrans0.ltrans.o
                                                  build/obj/vectors.o (symbol from plugin)
                                                  /tmp/cclfTxac.ltrans1.ltrans.o
Vector98                                          /tmp/cclfTxac.ltrans0.ltrans.o
                                                  build/obj/vectors.o (symbol from plugin)
                                                  /tmp/cclfTxac.ltrans1.ltrans.o
Vector9C                                          /tmp/cclfTxac.ltrans0.ltrans.o
                                                  build/obj/vectors.o (symbol from plugin)
                                                  /tmp/cclfTxac.ltrans1.ltrans.o
VectorA0                                          /tmp/cclfTxac.ltrans0.ltrans.o
                                                  build/obj/vectors.o (symbol from plugin)
                                                  /tmp/cclfTxac.ltrans1.ltrans.o
VectorA4                                          /tmp/cclfTxac.ltrans0.ltrans.o
                                                  build/obj/pwm_lld.o (symbol from plugin)
                                                  build/obj/vectors.o (symbol from plugin)
                                                  /tmp/cclfTxac.ltrans1.ltrans.o
VectorA8                                          /tmp/cclfTxac.ltrans0.ltrans.o
                                                  build/obj/vectors.o (symbol from plugin)
                                                  /tmp/cclfTxac.ltrans1.ltrans.o
VectorAC                                          build/obj/pwm_lld.o (symbol from plugin)
                                                  build/obj/vectors.o (symbol from plugin)
VectorB0                                          /tmp/cclfTxac.ltrans0.ltrans.o
                                                  build/obj/icu_lld.o (symbol from plugin)
                                                  build/obj/vectors.o (symbol from plugin)
                                                  /tmp/cclfTxac.ltrans1.ltrans.o
VectorB4                                          /tmp/cclfTxac.ltrans0.ltrans.o
                                                  build/obj/icu_lld.o (symbol from plugin)
                                                  build/obj/vectors.o (symbol from plugin)
                                                  /tmp/cclfTxac.ltrans1.ltrans.o
VectorB8                                          /tmp/cclfTxac.ltrans0.ltrans.o
                                                  build/obj/st_lld.o (symbol from plugin)
                                                  build/obj/vectors.o (symbol from plugin)
                                                  /tmp/cclfTxac.ltrans1.ltrans.o
VectorBC                                          /tmp/cclfTxac.ltrans0.ltrans.o
                                                  build/obj/vectors.o (symbol from plugin)
                                                  /tmp/cclfTxac.ltrans1.ltrans.o
VectorC0                                          /tmp/cclfTxac.ltrans0.ltrans.o
                                                  build/obj/vectors.o (symbol from plugin)
                                                  /tmp/cclfTxac.ltrans1.ltrans.o
VectorC4                                          /tmp/cclfTxac.ltrans0.ltrans.o
                                                  build/obj/vectors.o (symbol from plugin)
                                                  /tmp/cclfTxac.ltrans1.ltrans.o
VectorC8                                          /tmp/cclfTxac.ltrans0.ltrans.o
                                                  build/obj/vectors.o (symbol from plugin)
                                                  /tmp/cclfTxac.ltrans1.ltrans.o
VectorCC                                          /tmp/cclfTxac.ltrans0.ltrans.o
                                                  build/obj/vectors.o (symbol from plugin)
                                                  /tmp/cclfTxac.ltrans1.ltrans.o
VectorD0                                          /tmp/cclfTxac.ltrans0.ltrans.o
                                                  build/obj/vectors.o (symbol from plugin)
                                                  /tmp/cclfTxac.ltrans1.ltrans.o
VectorD4                                          build/obj/serial_lld.o (symbol from plugin)
                                                  build/obj/vectors.o (symbol from plugin)
VectorD8                                          /tmp/cclfTxac.ltrans0.ltrans.o
                                                  build/obj/vectors.o (symbol from plugin)
                                                  /tmp/cclfTxac.ltrans1.ltrans.o
VectorDC                                          /tmp/cclfTxac.ltrans0.ltrans.o
                                                  build/obj/vectors.o (symbol from plugin)
                                                  /tmp/cclfTxac.ltrans1.ltrans.o
VectorE0                                          /tmp/cclfTxac.ltrans0.ltrans.o
                                                  build/obj/vectors.o (symbol from plugin)
                                                  /tmp/cclfTxac.ltrans1.ltrans.o
VectorE4                                          /tmp/cclfTxac.ltrans0.ltrans.o
                                                  build/obj/vectors.o (symbol from plugin)
                                                  /tmp/cclfTxac.ltrans1.ltrans.o
VectorE8                                          /tmp/cclfTxac.ltrans0.ltrans.o
                                                  build/obj/vectors.o (symbol from plugin)
                                                  /tmp/cclfTxac.ltrans1.ltrans.o
VectorEC                                          /tmp/cclfTxac.ltrans0.ltrans.o
                                                  build/obj/vectors.o (symbol from plugin)
                                                  /tmp/cclfTxac.ltrans1.ltrans.o
VectorF0                                          /tmp/cclfTxac.ltrans0.ltrans.o
                                                  build/obj/vectors.o (symbol from plugin)
                                                  /tmp/cclfTxac.ltrans1.ltrans.o
VectorF4                                          /tmp/cclfTxac.ltrans0.ltrans.o
                                                  build/obj/vectors.o (symbol from plugin)
                                                  /tmp/cclfTxac.ltrans1.ltrans.o
VectorF8                                          /tmp/cclfTxac.ltrans0.ltrans.o
                                                  build/obj/vectors.o (symbol from plugin)
                                                  /tmp/cclfTxac.ltrans1.ltrans.o
VectorFC                                          /tmp/cclfTxac.ltrans0.ltrans.o
                                                  build/obj/stm32_dma.o (symbol from plugin)
                                                  build/obj/vectors.o (symbol from plugin)
                                                  /tmp/cclfTxac.ltrans1.ltrans.o
__core_init                                       /tmp/cclfTxac.ltrans0.ltrans.o
                                                  build/obj/crt1.o (symbol from plugin)
                                                  build/obj/crt0_v7m.o
__default_exit                                    /tmp/cclfTxac.ltrans0.ltrans.o
                                                  build/obj/crt1.o (symbol from plugin)
                                                  build/obj/crt0_v7m.o
__early_init                                      /tmp/cclfTxac.ltrans1.ltrans.o
                                                  build/obj/board.o (symbol from plugin)
                                                  build/obj/crt1.o (symbol from plugin)
                                                  build/obj/crt0_v7m.o
__fini_array_end                                  build/obj/crt0_v7m.o
__fini_array_start                                build/obj/crt0_v7m.o
__heap_base__                                     /tmp/cclfTxac.ltrans1.ltrans.o
                                                  build/obj/chmemcore.o (symbol from plugin)
__heap_end__                                      /tmp/cclfTxac.ltrans1.ltrans.o
                                                  build/obj/chmemcore.o (symbol from plugin)
__init_array_end                                  build/obj/crt0_v7m.o
__init_array_start                                build/obj/crt0_v7m.o
__init_ram_areas                                  /tmp/cclfTxac.ltrans0.ltrans.o
                                                  build/obj/crt1.o (symbol from plugin)
                                                  build/obj/crt0_v7m.o
__late_init                                       /tmp/cclfTxac.ltrans0.ltrans.o
                                                  build/obj/crt1.o (symbol from plugin)
                                                  build/obj/crt0_v7m.o
__main_stack_base__                               build/obj/crt0_v7m.o
__main_stack_end__                                /tmp/cclfTxac.ltrans1.ltrans.o
                                                  build/obj/vectors.o (symbol from plugin)
                                                  build/obj/crt0_v7m.o
__process_stack_base__                            build/obj/crt0_v7m.o
__process_stack_end__                             build/obj/crt0_v7m.o
__ram0_clear__                                    /tmp/cclfTxac.ltrans0.ltrans.o
                                                  build/obj/crt1.o (symbol from plugin)
__ram0_init__                                     /tmp/cclfTxac.ltrans0.ltrans.o
                                                  build/obj/crt1.o (symbol from plugin)
__ram0_init_text__                                /tmp/cclfTxac.ltrans0.ltrans.o
                                                  build/obj/crt1.o (symbol from plugin)
__ram0_noinit__                                   /tmp/cclfTxac.ltrans0.ltrans.o
                                                  build/obj/crt1.o (symbol from plugin)
__ram1_clear__                                    /tmp/cclfTxac.ltrans0.ltrans.o
                                                  build/obj/crt1.o (symbol from plugin)
__ram1_init__                                     /tmp/cclfTxac.ltrans0.ltrans.o
                                                  build/obj/crt1.o (symbol from plugin)
__ram1_init_text__                                /tmp/cclfTxac.ltrans0.ltrans.o
                                                  build/obj/crt1.o (symbol from plugin)
__ram1_noinit__                                   /tmp/cclfTxac.ltrans0.ltrans.o
                                                  build/obj/crt1.o (symbol from plugin)
__ram2_clear__                                    /tmp/cclfTxac.ltrans0.ltrans.o
                                                  build/obj/crt1.o (symbol from plugin)
__ram2_init__                                     /tmp/cclfTxac.ltrans0.ltrans.o
                                                  build/obj/crt1.o (symbol from plugin)
__ram2_init_text__                                /tmp/cclfTxac.ltrans0.ltrans.o
                                                  build/obj/crt1.o (symbol from plugin)
__ram2_noinit__                                   /tmp/cclfTxac.ltrans0.ltrans.o
                                                  build/obj/crt1.o (symbol from plugin)
__ram3_clear__                                    /tmp/cclfTxac.ltrans0.ltrans.o
                                                  build/obj/crt1.o (symbol from plugin)
__ram3_init__                                     /tmp/cclfTxac.ltrans0.ltrans.o
                                                  build/obj/crt1.o (symbol from plugin)
__ram3_init_text__                                /tmp/cclfTxac.ltrans0.ltrans.o
                                                  build/obj/crt1.o (symbol from plugin)
__ram3_noinit__                                   /tmp/cclfTxac.ltrans0.ltrans.o
                                                  build/obj/crt1.o (symbol from plugin)
__ram4_clear__                                    /tmp/cclfTxac.ltrans0.ltrans.o
                                                  build/obj/crt1.o (symbol from plugin)
__ram4_init__                                     /tmp/cclfTxac.ltrans0.ltrans.o
                                                  build/obj/crt1.o (symbol from plugin)
__ram4_init_text__                                /tmp/cclfTxac.ltrans0.ltrans.o
                                                  build/obj/crt1.o (symbol from plugin)
__ram4_noinit__                                   /tmp/cclfTxac.ltrans0.ltrans.o
                                                  build/obj/crt1.o (symbol from plugin)
__ram5_clear__                                    /tmp/cclfTxac.ltrans0.ltrans.o
                                                  build/obj/crt1.o (symbol from plugin)
__ram5_init__                                     /tmp/cclfTxac.ltrans0.ltrans.o
                                                  build/obj/crt1.o (symbol from plugin)
__ram5_init_text__                                /tmp/cclfTxac.ltrans0.ltrans.o
                                                  build/obj/crt1.o (symbol from plugin)
__ram5_noinit__                                   /tmp/cclfTxac.ltrans0.ltrans.o
                                                  build/obj/crt1.o (symbol from plugin)
__ram6_clear__                                    /tmp/cclfTxac.ltrans0.ltrans.o
                                                  build/obj/crt1.o (symbol from plugin)
__ram6_init__                                     /tmp/cclfTxac.ltrans0.ltrans.o
                                                  build/obj/crt1.o (symbol from plugin)
__ram6_init_text__                                /tmp/cclfTxac.ltrans0.ltrans.o
                                                  build/obj/crt1.o (symbol from plugin)
__ram6_noinit__                                   /tmp/cclfTxac.ltrans0.ltrans.o
                                                  build/obj/crt1.o (symbol from plugin)
__ram7_clear__                                    /tmp/cclfTxac.ltrans0.ltrans.o
                                                  build/obj/crt1.o (symbol from plugin)
__ram7_init__                                     /tmp/cclfTxac.ltrans0.ltrans.o
                                                  build/obj/crt1.o (symbol from plugin)
__ram7_init_text__                                /tmp/cclfTxac.ltrans0.ltrans.o
                                                  build/obj/crt1.o (symbol from plugin)
__ram7_noinit__                                   /tmp/cclfTxac.ltrans0.ltrans.o
                                                  build/obj/crt1.o (symbol from plugin)
_bss_end                                          build/obj/crt0_v7m.o
_bss_start                                        build/obj/crt0_v7m.o
_core_init                                        build/obj/chmemcore.o (symbol from plugin)
                                                  build/obj/chsys.o (symbol from plugin)
_data_end                                         build/obj/crt0_v7m.o
_data_start                                       build/obj/crt0_v7m.o
_heap_init                                        build/obj/chheap.o (symbol from plugin)
                                                  build/obj/chsys.o (symbol from plugin)
_idle_thread.lto_priv.45                          /tmp/cclfTxac.ltrans0.ltrans.o
                                                  /tmp/cclfTxac.ltrans1.ltrans.o
_pal_lld_init                                     build/obj/pal_lld.o (symbol from plugin)
                                                  build/obj/hal.o (symbol from plugin)
_pal_lld_setgroupmode                             /tmp/cclfTxac.ltrans0.ltrans.o
                                                  build/obj/pal_lld.o (symbol from plugin)
                                                  /tmp/cclfTxac.ltrans1.ltrans.o
                                                  build/obj/config.o (symbol from plugin)
                                                  build/obj/pal.o (symbol from plugin)
_port_exit_from_isr                               build/obj/chcoreasm_v7m.o
                                                  /tmp/cclfTxac.ltrans0.ltrans.o
                                                  build/obj/chcore_v7m.o (symbol from plugin)
_port_irq_epilogue                                /tmp/cclfTxac.ltrans0.ltrans.o
                                                  build/obj/chcore_v7m.o (symbol from plugin)
                                                  /tmp/cclfTxac.ltrans1.ltrans.o
                                                  build/obj/serial_lld.o (symbol from plugin)
                                                  build/obj/pwm_lld.o (symbol from plugin)
                                                  build/obj/icu_lld.o (symbol from plugin)
                                                  build/obj/adc_lld.o (symbol from plugin)
                                                  build/obj/st_lld.o (symbol from plugin)
                                                  build/obj/stm32_dma.o (symbol from plugin)
_port_switch                                      build/obj/chcoreasm_v7m.o
                                                  /tmp/cclfTxac.ltrans2.ltrans.o
                                                  /tmp/cclfTxac.ltrans0.ltrans.o
                                                  build/obj/chschd.o (symbol from plugin)
_port_switch_from_isr                             build/obj/chcoreasm_v7m.o
                                                  /tmp/cclfTxac.ltrans0.ltrans.o
                                                  build/obj/chcore_v7m.o (symbol from plugin)
_port_thread_start                                build/obj/chcoreasm_v7m.o
                                                  /tmp/cclfTxac.ltrans1.ltrans.o
                                                  build/obj/chthreads.o (symbol from plugin)
_scheduler_init                                   build/obj/chschd.o (symbol from plugin)
                                                  build/obj/chsys.o (symbol from plugin)
_stm32_dma_streams                                build/obj/stm32_dma.o (symbol from plugin)
                                                  build/obj/adc_lld.o (symbol from plugin)
_test_assert                                      build/obj/test.o (symbol from plugin)
                                                  build/obj/testsys.o (symbol from plugin)
                                                  build/obj/testqueues.o (symbol from plugin)
                                                  build/obj/testdyn.o (symbol from plugin)
                                                  build/obj/testpools.o (symbol from plugin)
                                                  build/obj/testheap.o (symbol from plugin)
                                                  build/obj/testevt.o (symbol from plugin)
                                                  build/obj/testmbox.o (symbol from plugin)
                                                  build/obj/testmtx.o (symbol from plugin)
                                                  build/obj/testsem.o (symbol from plugin)
                                                  build/obj/testthd.o (symbol from plugin)
_test_assert_sequence                             build/obj/test.o (symbol from plugin)
                                                  build/obj/testqueues.o (symbol from plugin)
                                                  build/obj/testdyn.o (symbol from plugin)
                                                  build/obj/testevt.o (symbol from plugin)
                                                  build/obj/testmbox.o (symbol from plugin)
                                                  build/obj/testmsg.o (symbol from plugin)
                                                  build/obj/testmtx.o (symbol from plugin)
                                                  build/obj/testsem.o (symbol from plugin)
                                                  build/obj/testthd.o (symbol from plugin)
_test_assert_time_window                          build/obj/test.o (symbol from plugin)
                                                  build/obj/testevt.o (symbol from plugin)
                                                  build/obj/testsem.o (symbol from plugin)
                                                  build/obj/testthd.o (symbol from plugin)
_test_fail                                        build/obj/test.o (symbol from plugin)
_textdata_start                                   build/obj/crt0_v7m.o
_thread_init                                      build/obj/chthreads.o (symbol from plugin)
                                                  build/obj/chsys.o (symbol from plugin)
_tm_init                                          build/obj/chtm.o (symbol from plugin)
                                                  build/obj/chsys.o (symbol from plugin)
_unhandled_exception                              /tmp/cclfTxac.ltrans0.ltrans.o
                                                  build/obj/vectors.o (symbol from plugin)
_vectors                                          /tmp/cclfTxac.ltrans1.ltrans.o
                                                  build/obj/vectors.o (symbol from plugin)
_vt_init                                          build/obj/chvt.o (symbol from plugin)
                                                  build/obj/chsys.o (symbol from plugin)
adcAcquireBus                                     build/obj/adc.o (symbol from plugin)
adcConvert                                        build/obj/adc.o (symbol from plugin)
                                                  build/obj/analog.o (symbol from plugin)
adcInit                                           build/obj/adc.o (symbol from plugin)
                                                  build/obj/hal.o (symbol from plugin)
adcObjectInit                                     build/obj/adc.o (symbol from plugin)
                                                  build/obj/adc_lld.o (symbol from plugin)
adcReleaseBus                                     build/obj/adc.o (symbol from plugin)
adcSTM32DisableTSVREFE                            build/obj/adc_lld.o (symbol from plugin)
adcSTM32DisableVBATE                              build/obj/adc_lld.o (symbol from plugin)
adcSTM32EnableTSVREFE                             build/obj/adc_lld.o (symbol from plugin)
adcSTM32EnableVBATE                               build/obj/adc_lld.o (symbol from plugin)
adcStart                                          build/obj/adc.o (symbol from plugin)
                                                  build/obj/config.o (symbol from plugin)
adcStartConversion                                build/obj/adc.o (symbol from plugin)
adcStartConversionI                               build/obj/adc.o (symbol from plugin)
adcStop                                           build/obj/adc.o (symbol from plugin)
adcStopConversion                                 build/obj/adc.o (symbol from plugin)
adcStopConversionI                                build/obj/adc.o (symbol from plugin)
adc_lld_init                                      build/obj/adc_lld.o (symbol from plugin)
                                                  build/obj/adc.o (symbol from plugin)
adc_lld_serve_rx_interrupt.lto_priv.44            /tmp/cclfTxac.ltrans0.ltrans.o
                                                  /tmp/cclfTxac.ltrans1.ltrans.o
adc_lld_start                                     build/obj/adc_lld.o (symbol from plugin)
                                                  build/obj/adc.o (symbol from plugin)
adc_lld_start_conversion                          build/obj/adc_lld.o (symbol from plugin)
                                                  build/obj/adc.o (symbol from plugin)
adc_lld_stop                                      build/obj/adc_lld.o (symbol from plugin)
                                                  build/obj/adc.o (symbol from plugin)
adc_lld_stop_conversion                           build/obj/adc_lld.o (symbol from plugin)
                                                  build/obj/adc.o (symbol from plugin)
boardInit                                         build/obj/board.o (symbol from plugin)